Archive member included to satisfy reference by file (symbol)

/project/stm32fx_iolib/stm32f4x_iolib/stm32f4x_iolib_168MHz_8MHz.a(startup_stm32f4xx.o)
                              (Reset_Handler)
/project/stm32fx_iolib/stm32f4x_iolib/stm32f4x_iolib_168MHz_8MHz.a(system_stm32f4xx.o)
                              /project/stm32fx_iolib/stm32f4x_iolib/stm32f4x_iolib_168MHz_8MHz.a(startup_stm32f4xx.o) (SystemInit)
/project/stm32fx_iolib/stm32f4x_iolib/stm32f4x_iolib_168MHz_8MHz.a(misc.o)
                              FLASH_RUN/main.o (NVIC_PriorityGroupConfig)
/project/stm32fx_iolib/stm32f4x_iolib/stm32f4x_iolib_168MHz_8MHz.a(stm32f4xx_adc.o)
                              FLASH_RUN/adc.o (ADC_Init)
/project/stm32fx_iolib/stm32f4x_iolib/stm32f4x_iolib_168MHz_8MHz.a(stm32f4xx_dac.o)
                              FLASH_RUN/dac1.o (DAC_Init)
/project/stm32fx_iolib/stm32f4x_iolib/stm32f4x_iolib_168MHz_8MHz.a(stm32f4xx_flash.o)
                              FLASH_RUN/main.o (FLASH_Unlock)
/project/stm32fx_iolib/stm32f4x_iolib/stm32f4x_iolib_168MHz_8MHz.a(stm32f4xx_gpio.o)
                              FLASH_RUN/touch_pad.o (GPIO_ResetBits)
/project/stm32fx_iolib/stm32f4x_iolib/stm32f4x_iolib_168MHz_8MHz.a(stm32f4xx_i2c.o)
                              FLASH_RUN/i2c_app.o (I2C_DeInit)
/project/stm32fx_iolib/stm32f4x_iolib/stm32f4x_iolib_168MHz_8MHz.a(stm32f4xx_iwdg.o)
                              FLASH_RUN/main.o (IWDG_WriteAccessCmd)
/project/stm32fx_iolib/stm32f4x_iolib/stm32f4x_iolib_168MHz_8MHz.a(stm32f4xx_rcc.o)
                              FLASH_RUN/main.o (RCC_GetClocksFreq)
/project/stm32fx_iolib/stm32f4x_iolib/stm32f4x_iolib_168MHz_8MHz.a(stm32f4xx_tim.o)
                              FLASH_RUN/touch_pad.o (TIM_TimeBaseInit)
/project/stm32fx_iolib/stm32f4x_iolib/stm32f4x_iolib_168MHz_8MHz.a(stm32f4xx_usart.o)
                              FLASH_RUN/serial.o (USART_DeInit)
/project/stm32fx_iolib/stm32f4x_iolib/stm32f4x_iolib_168MHz_8MHz.a(stm32f4xx_fsmc.o)
                              FLASH_RUN/lcd.o (FSMC_NORSRAMInit)
C:/Program Files (x86)/Arm GNU Toolchain arm-none-eabi/13.3 rel1/bin/../lib/gcc/arm-none-eabi/13.3.1/thumb/v7e-m+fp/hard\libc.a(libc_a-rand.o)
                              FLASH_RUN/random_disp.o (rand)
C:/Program Files (x86)/Arm GNU Toolchain arm-none-eabi/13.3 rel1/bin/../lib/gcc/arm-none-eabi/13.3.1/thumb/v7e-m+fp/hard\libc.a(libc_a-memset.o)
                              FLASH_RUN/serial.o (memset)
C:/Program Files (x86)/Arm GNU Toolchain arm-none-eabi/13.3 rel1/bin/../lib/gcc/arm-none-eabi/13.3.1/thumb/v7e-m+fp/hard\libc.a(libc_a-strncmp.o)
                              FLASH_RUN/serial.o (strncmp)
C:/Program Files (x86)/Arm GNU Toolchain arm-none-eabi/13.3 rel1/bin/../lib/gcc/arm-none-eabi/13.3.1/thumb/v7e-m+fp/hard\libc.a(libc_a-impure.o)
                              C:/Program Files (x86)/Arm GNU Toolchain arm-none-eabi/13.3 rel1/bin/../lib/gcc/arm-none-eabi/13.3.1/thumb/v7e-m+fp/hard\libc.a(libc_a-rand.o) (_impure_ptr)
C:/Program Files (x86)/Arm GNU Toolchain arm-none-eabi/13.3 rel1/bin/../lib/gcc/arm-none-eabi/13.3.1/thumb/v7e-m+fp/hard\libc.a(libc_a-strcmp.o)
                              FLASH_RUN/serial.o (strcmp)
C:/Program Files (x86)/Arm GNU Toolchain arm-none-eabi/13.3 rel1/bin/../lib/gcc/arm-none-eabi/13.3.1/thumb/v7e-m+fp/hard\libc.a(libc_a-strcpy.o)
                              FLASH_RUN/serial.o (strcpy)
C:/Program Files (x86)/Arm GNU Toolchain arm-none-eabi/13.3 rel1/bin/../lib/gcc/arm-none-eabi/13.3.1/thumb/v7e-m+fp/hard\libc.a(libc_a-memcpy.o)
                              FLASH_RUN/serial.o (memcpy)
C:/Program Files (x86)/Arm GNU Toolchain arm-none-eabi/13.3 rel1/bin/../lib/gcc/arm-none-eabi/13.3.1/thumb/v7e-m+fp/hard\libc.a(libc_a-strlen.o)
                              FLASH_RUN/serial.o (strlen)
C:/Program Files (x86)/Arm GNU Toolchain arm-none-eabi/13.3 rel1/bin/../lib/gcc/arm-none-eabi/13.3.1/thumb/v7e-m+fp/hard\libc.a(libc_a-findfp.o)
                              C:/Program Files (x86)/Arm GNU Toolchain arm-none-eabi/13.3 rel1/bin/../lib/gcc/arm-none-eabi/13.3.1/thumb/v7e-m+fp/hard\libc.a(libc_a-impure.o) (__sf)
C:/Program Files (x86)/Arm GNU Toolchain arm-none-eabi/13.3 rel1/bin/../lib/gcc/arm-none-eabi/13.3.1/thumb/v7e-m+fp/hard\libc.a(libc_a-fwalk.o)
                              C:/Program Files (x86)/Arm GNU Toolchain arm-none-eabi/13.3 rel1/bin/../lib/gcc/arm-none-eabi/13.3.1/thumb/v7e-m+fp/hard\libc.a(libc_a-findfp.o) (_fwalk_sglue)
C:/Program Files (x86)/Arm GNU Toolchain arm-none-eabi/13.3 rel1/bin/../lib/gcc/arm-none-eabi/13.3.1/thumb/v7e-m+fp/hard\libc.a(libc_a-stdio.o)
                              C:/Program Files (x86)/Arm GNU Toolchain arm-none-eabi/13.3 rel1/bin/../lib/gcc/arm-none-eabi/13.3.1/thumb/v7e-m+fp/hard\libc.a(libc_a-findfp.o) (__sread)
C:/Program Files (x86)/Arm GNU Toolchain arm-none-eabi/13.3 rel1/bin/../lib/gcc/arm-none-eabi/13.3.1/thumb/v7e-m+fp/hard\libc.a(libc_a-closer.o)
[...]
Memory Configuration

Name             Origin             Length             Attributes
RAM              0x20000000         0x00020000         xrw
EXTSRAM          0x10000000         0x00010000         xrw
FLASH            0x08008000         0x000f8000         xr
FLASHB1          0x00000000         0x00000000         xr
EXTMEMB0         0x00000000         0x00000000         xr
EXTMEMB1         0x00000000         0x00000000         xr
EXTMEMB2         0x00000000         0x00000000         xr
EXTMEMB3         0x00000000         0x00000000         xr
*default*        0x00000000         0xffffffff

Linker script and memory map

LOAD FLASH_RUN/main.o
LOAD FLASH_RUN/serial.o
LOAD FLASH_RUN/i2c_app.o
LOAD FLASH_RUN/key.o
LOAD FLASH_RUN/lcd.o
LOAD FLASH_RUN/print.o
LOAD FLASH_RUN/random_disp.o
LOAD FLASH_RUN/box3.o
LOAD FLASH_RUN/touch_panel.o
LOAD FLASH_RUN/touch_pad.o
LOAD FLASH_RUN/ir_remocon.o
LOAD FLASH_RUN/adc.o
LOAD FLASH_RUN/dac1.o
LOAD /project/stm32fx_iolib/stm32f4x_iolib/stm32f4x_iolib_168MHz_8MHz.a
LOAD C:/Program Files (x86)/Arm GNU Toolchain arm-none-eabi/13.3 rel1/bin/../lib/gcc/arm-none-eabi/13.3.1/thumb/v7e-m+fp/hard\libc.a
LOAD C:/Program Files (x86)/Arm GNU Toolchain arm-none-eabi/13.3 rel1/bin/../lib/gcc/arm-none-eabi/13.3.1/thumb/v7e-m+fp/hard\libm.a
LOAD C:/Program Files (x86)/Arm GNU Toolchain arm-none-eabi/13.3 rel1/bin/../lib/gcc/arm-none-eabi/13.3.1/thumb/v7e-m+fp/hard\libc.a
LOAD C:/Program Files (x86)/Arm GNU Toolchain arm-none-eabi/13.3 rel1/bin/../lib/gcc/arm-none-eabi/13.3.1/thumb/v7e-m+fp/hard\libgcc.a
LOAD C:/Program Files (x86)/Arm GNU Toolchain arm-none-eabi/13.3 rel1/bin/../lib/gcc/arm-none-eabi/13.3.1/thumb/v7e-m+fp/hard\libstdc++.a
START GROUP
LOAD C:/Program Files (x86)/Arm GNU Toolchain arm-none-eabi/13.3 rel1/bin/../lib/gcc/arm-none-eabi/13.3.1/thumb/v7e-m+fp/hard\libgcc.a
LOAD C:/Program Files (x86)/Arm GNU Toolchain arm-none-eabi/13.3 rel1/bin/../lib/gcc/arm-none-eabi/13.3.1/thumb/v7e-m+fp/hard\libg.a
LOAD C:/Program Files (x86)/Arm GNU Toolchain arm-none-eabi/13.3 rel1/bin/../lib/gcc/arm-none-eabi/13.3.1/thumb/v7e-m+fp/hard\libc.a
END GROUP
                0x20020000                        _estack = (ORIGIN (RAM) + LENGTH (RAM))
                0x00001000                        _Minimum_Stack_Size = 0x1000
                0x00000001                        ASSERT ((ORIGIN (FLASH) == ALIGN (ORIGIN (FLASH), 0x80)), Start of memory region flash not aligned for startup vector table)

.text           0x08008000     0x7444
                0x08008000                        . = ALIGN (0x80)
                0x00008000                        _isr_vectorsflash_offs = (. - 0x8000000)
 *(.isr_vectorsflash)
 .isr_vectorsflash
                0x08008000      0x1d8 /project/stm32fx_iolib/stm32f4x_iolib/stm32f4x_iolib_168MHz_8MHz.a(startup_stm32f4xx.o)
                0x08008000                g_pfnVectors
                0x080081d8                        . = ALIGN (0x4)
 CREATE_OBJECT_SYMBOLS
 *(.text .text.* .gnu.linkonce.t.*)
 .text.wait_ms  0x080081d8       0x2c FLASH_RUN/main.o
                0x080081d8                wait_ms
 .text.Periph_Configuration
                0x08008204       0x38 FLASH_RUN/main.o
                0x08008204                Periph_Configuration
 .text.GPIO_Configuration
                0x0800823c      0x114 FLASH_RUN/main.o
                0x0800823c                GPIO_Configuration
 .text.NVIC_Configuration
                0x08008350       0x10 FLASH_RUN/main.o
                0x08008350                NVIC_Configuration
 .text.startup.main
                0x08008360      0x170 FLASH_RUN/main.o
                0x08008360                main
 .text.NVIC_SystemReset
                0x080084d0       0x24 FLASH_RUN/serial.o
 .text.flash_read
                0x080084f4       0x34 FLASH_RUN/serial.o
                0x080084f4                flash_read
 .text.flash_write
                0x08008528       0x4c FLASH_RUN/serial.o
                0x08008528                flash_write
 .text.write_wifi_data
                0x08008574      0x174 FLASH_RUN/serial.o
                0x08008574                write_wifi_data
 .text.read_wifi_data
                0x080086e8      0x1fc FLASH_RUN/serial.o
                0x080086e8                read_wifi_data
 .text.base64_encode
                0x080088e4       0xd0 FLASH_RUN/serial.o
                0x080088e4                base64_encode
 .text.base64_decode
                0x080089b4       0x88 FLASH_RUN/serial.o
                0x080089b4                base64_decode
 .text.USART1_IRQHandler
                0x08008a3c       0xe0 FLASH_RUN/serial.o
                0x08008a3c                USART1_IRQHandler
 .text.USART2_IRQHandler
                0x08008b1c       0xec FLASH_RUN/serial.o
                0x08008b1c                USART2_IRQHandler
 .text.USART3_IRQHandler
                0x08008c08       0xf0 FLASH_RUN/serial.o
                0x08008c08                USART3_IRQHandler
 .text.tx_enable3
                0x08008cf8       0x30 FLASH_RUN/serial.o
                0x08008cf8                tx_enable3
 .text.receive_check1
                0x08008d28       0x74 FLASH_RUN/serial.o
                0x08008d28                receive_check1
 .text.receive_check2
                0x08008d9c       0x74 FLASH_RUN/serial.o
                0x08008d9c                receive_check2
 .text.send_server_data
                0x08008e10      0x1fc FLASH_RUN/serial.o
                0x08008e10                send_server_data
 .text.send_board_data
                0x0800900c       0xf0 FLASH_RUN/serial.o
                0x0800900c                send_board_data
 .text.rx_check
                0x080090fc      0x34c FLASH_RUN/serial.o
                0x080090fc                rx_check
 .text.clear_flag
                0x08009448       0x5c FLASH_RUN/serial.o
                0x08009448                clear_flag
 .text.send_data
                0x080094a4      0x37c FLASH_RUN/serial.o
                0x080094a4                send_data
 .text.send_mode
                0x08009820       0x48 FLASH_RUN/serial.o
                0x08009820                send_mode
 .text.receive_check_wifi
                0x08009868      0x9f4 FLASH_RUN/serial.o
                0x08009868                receive_check_wifi
 .text.serial_check
                0x0800a25c      0x15c FLASH_RUN/serial.o
                0x0800a25c                serial_check
 .text.change_ap_mode
                0x0800a3b8       0x44 FLASH_RUN/serial.o
                0x0800a3b8                change_ap_mode
 .text.serial_init
                0x0800a3fc      0x2ac FLASH_RUN/serial.o
                0x0800a3fc                serial_init
 .text.I2C_LowLevel_Init
                0x0800a6a8      0x114 FLASH_RUN/i2c_app.o
                0x0800a6a8                I2C_LowLevel_Init
 .text.init_i2c_24xx
                0x0800a7bc       0x30 FLASH_RUN/i2c_app.o
                0x0800a7bc                init_i2c_24xx
 .text.beep_control.part.0
                0x0800a7ec       0x18 FLASH_RUN/key.o
 .text.beep_control
                0x0800a804       0x28 FLASH_RUN/key.o
                0x0800a804                beep_control
 .text.beep_check
                0x0800a82c       0x48 FLASH_RUN/key.o
                0x0800a82c                beep_check
 .text.key_read
                0x0800a874      0x168 FLASH_RUN/key.o
                0x0800a874                key_read
 .text.key_init
                0x0800a9dc       0x80 FLASH_RUN/key.o
                0x0800a9dc                key_init
 .text.delay_us
                0x0800aa5c       0x3c FLASH_RUN/lcd.o
                0x0800aa5c                delay_us
 .text.LCD_WR_REG
                0x0800aa98       0x22 FLASH_RUN/lcd.o
                0x0800aa98                LCD_WR_REG
 .text.LCD_WR_DATA
                0x0800aaba       0x22 FLASH_RUN/lcd.o
                0x0800aaba                LCD_WR_DATA
 .text.LCD_RD_DATA
                0x0800aadc       0x1a FLASH_RUN/lcd.o
                0x0800aadc                LCD_RD_DATA
 .text.LCD_ReadReg
                0x0800aaf6       0x14 FLASH_RUN/lcd.o
                0x0800aaf6                LCD_ReadReg
 *fill*         0x0800ab0a        0x2 
 .text.LCD_WriteRAM_Prepare
                0x0800ab0c       0x14 FLASH_RUN/lcd.o
                0x0800ab0c                LCD_WriteRAM_Prepare
 .text.LCD_SetCursor
                0x0800ab20       0x34 FLASH_RUN/lcd.o
                0x0800ab20                LCD_SetCursor
 .text.LCD_Scan_Dir
                0x0800ab54       0xbc FLASH_RUN/lcd.o
                0x0800ab54                LCD_Scan_Dir
 .text.LCD_Fast_DrawPoint
                0x0800ac10       0x58 FLASH_RUN/lcd.o
                0x0800ac10                LCD_Fast_DrawPoint
 .text.LCD_Display_Dir
                0x0800ac68       0x8c FLASH_RUN/lcd.o
                0x0800ac68                LCD_Display_Dir
 .text.LCD_Clear
                0x0800acf4       0x30 FLASH_RUN/lcd.o
                0x0800acf4                LCD_Clear
 .text.LCD_Fill
                0x0800ad24       0x40 FLASH_RUN/lcd.o
                0x0800ad24                LCD_Fill
 .text.set_color
                0x0800ad64        0xc FLASH_RUN/lcd.o
                0x0800ad64                set_color
 .text.set_pixel
                0x0800ad70       0x14 FLASH_RUN/lcd.o
                0x0800ad70                set_pixel
 .text.out_lcd  0x0800ad84       0x4c FLASH_RUN/lcd.o
                0x0800ad84                out_lcd
 .text.uni_to_kssm
                0x0800add0       0x62 FLASH_RUN/lcd.o
                0x0800add0                uni_to_kssm
 *fill*         0x0800ae32        0x2 
 .text.ks5601_to_kssm
                0x0800ae34       0x3c FLASH_RUN/lcd.o
                0x0800ae34                ks5601_to_kssm
 .text.put_eng  0x0800ae70       0xfc FLASH_RUN/lcd.o
                0x0800ae70                put_eng
 .text.put_han  0x0800af6c      0x2dc FLASH_RUN/lcd.o
                0x0800af6c                put_han
 .text.lput_char
                0x0800b248       0x38 FLASH_RUN/lcd.o
                0x0800b248                lput_char
 .text.lcd_printf
                0x0800b280       0x3c FLASH_RUN/lcd.o
                0x0800b280                lcd_printf
 .text.ili_9481_rotation
                0x0800b2bc       0x2e FLASH_RUN/lcd.o
                0x0800b2bc                ili_9481_rotation
 *fill*         0x0800b2ea        0x2 
 .text.LCD_Init
                0x0800b2ec     0x142c FLASH_RUN/lcd.o
                0x0800b2ec                LCD_Init
 .text._sputc   0x0800c718        0xc FLASH_RUN/print.o
                0x0800c718                _sputc
 .text._serror  0x0800c724        0x4 FLASH_RUN/print.o
                0x0800c724                _serror
 .text.__vfprintf
                0x0800c728      0x774 FLASH_RUN/print.o
                0x0800c728                __vfprintf
 .text.sprintf  0x0800ce9c       0x3c FLASH_RUN/print.o
                0x0800ce9c                sprintf
 .text.vsprintf
                0x0800ced8       0x2c FLASH_RUN/print.o
                0x0800ced8                vsprintf
 .text.random_display
                0x0800cf04       0xbc FLASH_RUN/random_disp.o
                0x0800cf04                random_display
 .text.TIM1_UP_TIM10_IRQHandler
                0x0800cfc0       0x4c FLASH_RUN/ir_remocon.o
                0x0800cfc0                TIM1_UP_TIM10_IRQHandler
 .text.TIM1_CC_IRQHandler
                0x0800d00c       0xd8 FLASH_RUN/ir_remocon.o
                0x0800d00c                TIM1_CC_IRQHandler
 *fill*         0x0800d0e4        0x4 
 .text.cal_temperature
                0x0800d0e8       0x68 FLASH_RUN/adc.o
                0x0800d0e8                cal_temperature
 .text.ADC_Config
                0x0800d150      0x118 FLASH_RUN/adc.o
                0x0800d150                ADC_Config
 .text.adc_process
                0x0800d268      0x1a0 FLASH_RUN/adc.o
                0x0800d268                adc_process
 .text.Dac1_Set_Voltage
                0x0800d408       0x88 FLASH_RUN/dac1.o
                0x0800d408                Dac1_Set_Voltage
 .text.Dac1_Init
                0x0800d490       0x4c FLASH_RUN/dac1.o
                0x0800d490                Dac1_Init
 .text.Default_Handler
                0x0800d4dc       0x30 /project/stm32fx_iolib/stm32f4x_iolib/stm32f4x_iolib_168MHz_8MHz.a(startup_stm32f4xx.o)
                0x0800d4dc                RTC_Alarm_IRQHandler
                0x0800d4dc                HASH_RNG_IRQHandler
                0x0800d4dc                EXTI2_IRQHandler
                0x0800d4dc                TIM8_CC_IRQHandler
                0x0800d4dc                DebugMon_Handler
                0x0800d4dc                UART8_IRQHandler
                0x0800d4dc                FMPI2C1_EV_IRQHandler
                0x0800d4dc                SPI4_IRQHandler
                0x0800d4dc                DMA2_Stream5_IRQHandler
                0x0800d4dc                HardFault_Handler
                0x0800d4dc                DMA1_Stream5_IRQHandler
                0x0800d4dc                PVD_IRQHandler
                0x0800d4dc                SDIO_IRQHandler
                0x0800d4dc                TAMP_STAMP_IRQHandler
                0x0800d4dc                PendSV_Handler
                0x0800d4dc                NMI_Handler
                0x0800d4dc                CAN2_RX1_IRQHandler
                0x0800d4dc                EXTI3_IRQHandler
                0x0800d4dc                TIM8_TRG_COM_TIM14_IRQHandler
                0x0800d4dc                TIM8_UP_TIM13_IRQHandler
                0x0800d4dc                I2C3_ER_IRQHandler
                0x0800d4dc                EXTI0_IRQHandler
                0x0800d4dc                I2C2_EV_IRQHandler
                0x0800d4dc                DMA1_Stream2_IRQHandler
                0x0800d4dc                CAN1_RX0_IRQHandler
                0x0800d4dc                FPU_IRQHandler
                0x0800d4dc                OTG_HS_WKUP_IRQHandler
                0x0800d4dc                UsageFault_Handler
                0x0800d4dc                LTDC_ER_IRQHandler
                0x0800d4dc                CAN2_SCE_IRQHandler
                0x0800d4dc                DMA2_Stream2_IRQHandler
                0x0800d4dc                SPI1_IRQHandler
                0x0800d4dc                TIM6_DAC_IRQHandler
                0x0800d4dc                TIM1_BRK_TIM9_IRQHandler
                0x0800d4dc                DCMI_IRQHandler
                0x0800d4dc                CAN2_RX0_IRQHandler
                0x0800d4dc                DMA2_Stream3_IRQHandler
                0x0800d4dc                SAI2_IRQHandler
                0x0800d4dc                USART6_IRQHandler
                0x0800d4dc                CRYP_IRQHandler
                0x0800d4dc                DFSDM2_FLT3_IRQHandler
                0x0800d4dc                CAN1_RX1_IRQHandler
                0x0800d4dc                UART5_IRQHandler
                0x0800d4dc                DMA2_Stream0_IRQHandler
                0x0800d4dc                TIM4_IRQHandler
                0x0800d4dc                QUADSPI_IRQHandler
                0x0800d4dc                I2C1_EV_IRQHandler
                0x0800d4dc                DMA1_Stream6_IRQHandler
                0x0800d4dc                DMA1_Stream1_IRQHandler
                0x0800d4dc                UART4_IRQHandler
                0x0800d4dc                TIM3_IRQHandler
                0x0800d4dc                RCC_IRQHandler
                0x0800d4dc                TIM8_BRK_TIM12_IRQHandler
                0x0800d4dc                Default_Handler
                0x0800d4dc                CEC_IRQHandler
                0x0800d4dc                EXTI15_10_IRQHandler
                0x0800d4dc                ADC_IRQHandler
                0x0800d4dc                DMA1_Stream7_IRQHandler
                0x0800d4dc                DFSDM2_FLT0_IRQHandler
                0x0800d4dc                SPI5_IRQHandler
                0x0800d4dc                TIM7_IRQHandler
                0x0800d4dc                CAN2_TX_IRQHandler
                0x0800d4dc                TIM5_IRQHandler
                0x0800d4dc                DMA2_Stream7_IRQHandler
                0x0800d4dc                I2C3_EV_IRQHandler
                0x0800d4dc                DFSDM2_FLT2_IRQHandler
                0x0800d4dc                EXTI9_5_IRQHandler
                0x0800d4dc                RTC_WKUP_IRQHandler
                0x0800d4dc                LTDC_IRQHandler
                0x0800d4dc                ETH_WKUP_IRQHandler
                0x0800d4dc                SPDIF_RX_IRQHandler
                0x0800d4dc                SPI2_IRQHandler
                0x0800d4dc                OTG_HS_EP1_IN_IRQHandler
                0x0800d4dc                MemManage_Handler
                0x0800d4dc                DMA1_Stream0_IRQHandler
                0x0800d4dc                CAN1_TX_IRQHandler
                0x0800d4dc                SVC_Handler
                0x0800d4dc                FMPI2C1_ER_IRQHandler
                0x0800d4dc                EXTI4_IRQHandler
                0x0800d4dc                DFSDM2_FLT1_IRQHandler
                0x0800d4dc                FSMC_IRQHandler
                0x0800d4dc                ETH_IRQHandler
                0x0800d4dc                OTG_HS_EP1_OUT_IRQHandler
                0x0800d4dc                WWDG_IRQHandler
                0x0800d4dc                SPI6_IRQHandler
                0x0800d4dc                TIM2_IRQHandler
                0x0800d4dc                OTG_FS_WKUP_IRQHandler
                0x0800d4dc                TIM1_TRG_COM_TIM11_IRQHandler
                0x0800d4dc                OTG_HS_IRQHandler
                0x0800d4dc                DMA2D_IRQHandler
                0x0800d4dc                EXTI1_IRQHandler
                0x0800d4dc                UART7_IRQHandler
                0x0800d4dc                I2C2_ER_IRQHandler
                0x0800d4dc                DMA2_Stream1_IRQHandler
                0x0800d4dc                CAN1_SCE_IRQHandler
                0x0800d4dc                FLASH_IRQHandler
                0x0800d4dc                DMA2_Stream4_IRQHandler
                0x0800d4dc                BusFault_Handler
                0x0800d4dc                OTG_FS_IRQHandler
                0x0800d4dc                SPI3_IRQHandler
                0x0800d4dc                DMA1_Stream4_IRQHandler
                0x0800d4dc                I2C1_ER_IRQHandler
                0x0800d4dc                LPTIM1_IRQHandler
                0x0800d4dc                DMA2_Stream6_IRQHandler
                0x0800d4dc                SAI1_IRQHandler
                0x0800d4dc                DMA1_Stream3_IRQHandler
 .text.__Init_Data_and_BSS
                0x0800d50c       0x54 /project/stm32fx_iolib/stm32f4x_iolib/stm32f4x_iolib_168MHz_8MHz.a(startup_stm32f4xx.o)
                0x0800d50c                __Init_Data_and_BSS
 .text.Reset_Handler
                0x0800d560       0x28 /project/stm32fx_iolib/stm32f4x_iolib/stm32f4x_iolib_168MHz_8MHz.a(startup_stm32f4xx.o)
                0x0800d560                Reset_Handler
 .text.SystemInit
                0x0800d588       0xf4 /project/stm32fx_iolib/stm32f4x_iolib/stm32f4x_iolib_168MHz_8MHz.a(system_stm32f4xx.o)
                0x0800d588                SystemInit
 .text.NVIC_PriorityGroupConfig
                0x0800d67c       0x14 /project/stm32fx_iolib/stm32f4x_iolib/stm32f4x_iolib_168MHz_8MHz.a(misc.o)
                0x0800d67c                NVIC_PriorityGroupConfig
 .text.NVIC_Init
                0x0800d690       0x58 /project/stm32fx_iolib/stm32f4x_iolib/stm32f4x_iolib_168MHz_8MHz.a(misc.o)
                0x0800d690                NVIC_Init
 .text.NVIC_SetVectorTable
                0x0800d6e8       0x14 /project/stm32fx_iolib/stm32f4x_iolib/stm32f4x_iolib_168MHz_8MHz.a(misc.o)
                0x0800d6e8                NVIC_SetVectorTable
 .text.ADC_Init
                0x0800d6fc       0x4c /project/stm32fx_iolib/stm32f4x_iolib/stm32f4x_iolib_168MHz_8MHz.a(stm32f4xx_adc.o)
                0x0800d6fc                ADC_Init
 .text.ADC_CommonInit
                0x0800d748       0x28 /project/stm32fx_iolib/stm32f4x_iolib/stm32f4x_iolib_168MHz_8MHz.a(stm32f4xx_adc.o)
                0x0800d748                ADC_CommonInit
 .text.ADC_Cmd  0x0800d770       0x12 /project/stm32fx_iolib/stm32f4x_iolib/stm32f4x_iolib_168MHz_8MHz.a(stm32f4xx_adc.o)
                0x0800d770                ADC_Cmd
 *fill*         0x0800d782        0x2 
 .text.ADC_TempSensorVrefintCmd
                0x0800d784       0x18 /project/stm32fx_iolib/stm32f4x_iolib/stm32f4x_iolib_168MHz_8MHz.a(stm32f4xx_adc.o)
                0x0800d784                ADC_TempSensorVrefintCmd
 .text.ADC_RegularChannelConfig
                0x0800d79c       0x8c /project/stm32fx_iolib/stm32f4x_iolib/stm32f4x_iolib_168MHz_8MHz.a(stm32f4xx_adc.o)
                0x0800d79c                ADC_RegularChannelConfig
 .text.ADC_SoftwareStartConv
                0x0800d828        0xa /project/stm32fx_iolib/stm32f4x_iolib/stm32f4x_iolib_168MHz_8MHz.a(stm32f4xx_adc.o)
                0x0800d828                ADC_SoftwareStartConv
 .text.ADC_GetConversionValue
                0x0800d832        0x6 /project/stm32fx_iolib/stm32f4x_iolib/stm32f4x_iolib_168MHz_8MHz.a(stm32f4xx_adc.o)
                0x0800d832                ADC_GetConversionValue
 .text.ADC_GetFlagStatus
                0x0800d838        0xc /project/stm32fx_iolib/stm32f4x_iolib/stm32f4x_iolib_168MHz_8MHz.a(stm32f4xx_adc.o)
                0x0800d838                ADC_GetFlagStatus
 .text.DAC_Init
                0x0800d844       0x2c /project/stm32fx_iolib/stm32f4x_iolib/stm32f4x_iolib_168MHz_8MHz.a(stm32f4xx_dac.o)
                0x0800d844                DAC_Init
 .text.DAC_Cmd  0x0800d870       0x1c /project/stm32fx_iolib/stm32f4x_iolib/stm32f4x_iolib_168MHz_8MHz.a(stm32f4xx_dac.o)
                0x0800d870                DAC_Cmd
 .text.DAC_SetChannel1Data
                0x0800d88c       0x20 /project/stm32fx_iolib/stm32f4x_iolib/stm32f4x_iolib_168MHz_8MHz.a(stm32f4xx_dac.o)
                0x0800d88c                DAC_SetChannel1Data
 .text.FLASH_Unlock
                0x0800d8ac       0x1c /project/stm32fx_iolib/stm32f4x_iolib/stm32f4x_iolib_168MHz_8MHz.a(stm32f4xx_flash.o)
                0x0800d8ac                FLASH_Unlock
 .text.FLASH_Lock
                0x0800d8c8       0x10 /project/stm32fx_iolib/stm32f4x_iolib/stm32f4x_iolib_168MHz_8MHz.a(stm32f4xx_flash.o)
                0x0800d8c8                FLASH_Lock
 .text.FLASH_OB_Unlock
                0x0800d8d8       0x1c /project/stm32fx_iolib/stm32f4x_iolib/stm32f4x_iolib_168MHz_8MHz.a(stm32f4xx_flash.o)
                0x0800d8d8                FLASH_OB_Unlock
 .text.FLASH_OB_Lock
                0x0800d8f4       0x10 /project/stm32fx_iolib/stm32f4x_iolib/stm32f4x_iolib_168MHz_8MHz.a(stm32f4xx_flash.o)
                0x0800d8f4                FLASH_OB_Lock
 .text.FLASH_OB_GetRDP
                0x0800d904       0x10 /project/stm32fx_iolib/stm32f4x_iolib/stm32f4x_iolib_168MHz_8MHz.a(stm32f4xx_flash.o)
                0x0800d904                FLASH_OB_GetRDP
 .text.FLASH_GetStatus
                0x0800d914       0x40 /project/stm32fx_iolib/stm32f4x_iolib/stm32f4x_iolib_168MHz_8MHz.a(stm32f4xx_flash.o)
                0x0800d914                FLASH_GetStatus
 .text.FLASH_WaitForLastOperation
                0x0800d954       0x22 /project/stm32fx_iolib/stm32f4x_iolib/stm32f4x_iolib_168MHz_8MHz.a(stm32f4xx_flash.o)
                0x0800d954                FLASH_WaitForLastOperation
 *fill*         0x0800d976        0x2 
 .text.FLASH_EraseSector
                0x0800d978       0x6c /project/stm32fx_iolib/stm32f4x_iolib/stm32f4x_iolib_168MHz_8MHz.a(stm32f4xx_flash.o)
                0x0800d978                FLASH_EraseSector
 .text.FLASH_ProgramWord
                0x0800d9e4       0x3c /project/stm32fx_iolib/stm32f4x_iolib/stm32f4x_iolib_168MHz_8MHz.a(stm32f4xx_flash.o)
                0x0800d9e4                FLASH_ProgramWord
 .text.FLASH_OB_RDPConfig
                0x0800da20       0x18 /project/stm32fx_iolib/stm32f4x_iolib/stm32f4x_iolib_168MHz_8MHz.a(stm32f4xx_flash.o)
                0x0800da20                FLASH_OB_RDPConfig
 .text.FLASH_OB_Launch
                0x0800da38       0x14 /project/stm32fx_iolib/stm32f4x_iolib/stm32f4x_iolib_168MHz_8MHz.a(stm32f4xx_flash.o)
                0x0800da38                FLASH_OB_Launch
 .text.GPIO_PinAFConfig
                0x0800da4c       0x24 /project/stm32fx_iolib/stm32f4x_iolib/stm32f4x_iolib_168MHz_8MHz.a(stm32f4xx_gpio.o)
                0x0800da4c                GPIO_PinAFConfig
 .text.GPIO_Init_Pin
                0x0800da70       0x86 /project/stm32fx_iolib/stm32f4x_iolib/stm32f4x_iolib_168MHz_8MHz.a(stm32f4xx_gpio.o)
                0x0800da70                GPIO_Init_Pin
 *fill*         0x0800daf6        0x2 
 .text.I2C_DeInit
                0x0800daf8       0x60 /project/stm32fx_iolib/stm32f4x_iolib/stm32f4x_iolib_168MHz_8MHz.a(stm32f4xx_i2c.o)
                0x0800daf8                I2C_DeInit
 .text.I2C_Init
                0x0800db58       0xd0 /project/stm32fx_iolib/stm32f4x_iolib/stm32f4x_iolib_168MHz_8MHz.a(stm32f4xx_i2c.o)
                0x0800db58                I2C_Init
 .text.I2C_Cmd  0x0800dc28       0x18 /project/stm32fx_iolib/stm32f4x_iolib/stm32f4x_iolib_168MHz_8MHz.a(stm32f4xx_i2c.o)
                0x0800dc28                I2C_Cmd
 .text.IWDG_ReloadCounter
                0x0800dc40       0x10 /project/stm32fx_iolib/stm32f4x_iolib/stm32f4x_iolib_168MHz_8MHz.a(stm32f4xx_iwdg.o)
                0x0800dc40                IWDG_ReloadCounter
 .text.RCC_GetClocksFreq
                0x0800dc50       0x88 /project/stm32fx_iolib/stm32f4x_iolib/stm32f4x_iolib_168MHz_8MHz.a(stm32f4xx_rcc.o)
                0x0800dc50                RCC_GetClocksFreq
 .text.RCC_AHB1PeriphClockCmd
                0x0800dcd8       0x18 /project/stm32fx_iolib/stm32f4x_iolib/stm32f4x_iolib_168MHz_8MHz.a(stm32f4xx_rcc.o)
                0x0800dcd8                RCC_AHB1PeriphClockCmd
 .text.RCC_AHB3PeriphClockCmd
                0x0800dcf0       0x18 /project/stm32fx_iolib/stm32f4x_iolib/stm32f4x_iolib_168MHz_8MHz.a(stm32f4xx_rcc.o)
                0x0800dcf0                RCC_AHB3PeriphClockCmd
 .text.RCC_APB1PeriphClockCmd
                0x0800dd08       0x18 /project/stm32fx_iolib/stm32f4x_iolib/stm32f4x_iolib_168MHz_8MHz.a(stm32f4xx_rcc.o)
                0x0800dd08                RCC_APB1PeriphClockCmd
 .text.RCC_APB2PeriphClockCmd
                0x0800dd20       0x18 /project/stm32fx_iolib/stm32f4x_iolib/stm32f4x_iolib_168MHz_8MHz.a(stm32f4xx_rcc.o)
                0x0800dd20                RCC_APB2PeriphClockCmd
 .text.RCC_APB1PeriphResetCmd
                0x0800dd38       0x18 /project/stm32fx_iolib/stm32f4x_iolib/stm32f4x_iolib_168MHz_8MHz.a(stm32f4xx_rcc.o)
                0x0800dd38                RCC_APB1PeriphResetCmd
 .text.RCC_APB2PeriphResetCmd
                0x0800dd50       0x18 /project/stm32fx_iolib/stm32f4x_iolib/stm32f4x_iolib_168MHz_8MHz.a(stm32f4xx_rcc.o)
                0x0800dd50                RCC_APB2PeriphResetCmd
 .text.TIM_SetCounter
                0x0800dd68        0x4 /project/stm32fx_iolib/stm32f4x_iolib/stm32f4x_iolib_168MHz_8MHz.a(stm32f4xx_tim.o)
                0x0800dd68                TIM_SetCounter
 .text.TIM_OC1PolarityConfig
                0x0800dd6c       0x10 /project/stm32fx_iolib/stm32f4x_iolib/stm32f4x_iolib_168MHz_8MHz.a(stm32f4xx_tim.o)
                0x0800dd6c                TIM_OC1PolarityConfig
 .text.TIM_GetCapture1
                0x0800dd7c        0x4 /project/stm32fx_iolib/stm32f4x_iolib/stm32f4x_iolib_168MHz_8MHz.a(stm32f4xx_tim.o)
                0x0800dd7c                TIM_GetCapture1
 .text.TIM_GetITStatus
                0x0800dd80       0x16 /project/stm32fx_iolib/stm32f4x_iolib/stm32f4x_iolib_168MHz_8MHz.a(stm32f4xx_tim.o)
                0x0800dd80                TIM_GetITStatus
 .text.TIM_ClearITPendingBit
                0x0800dd96        0x8 /project/stm32fx_iolib/stm32f4x_iolib/stm32f4x_iolib_168MHz_8MHz.a(stm32f4xx_tim.o)
                0x0800dd96                TIM_ClearITPendingBit
 *fill*         0x0800dd9e        0x2 
 .text.USART_DeInit
                0x0800dda0       0xe8 /project/stm32fx_iolib/stm32f4x_iolib/stm32f4x_iolib_168MHz_8MHz.a(stm32f4xx_usart.o)
                0x0800dda0                USART_DeInit
 .text.USART_Init
                0x0800de88       0xac /project/stm32fx_iolib/stm32f4x_iolib/stm32f4x_iolib_168MHz_8MHz.a(stm32f4xx_usart.o)
                0x0800de88                USART_Init
 .text.USART_Cmd
                0x0800df34       0x18 /project/stm32fx_iolib/stm32f4x_iolib/stm32f4x_iolib_168MHz_8MHz.a(stm32f4xx_usart.o)
                0x0800df34                USART_Cmd
 .text.USART_SendData
                0x0800df4c        0x8 /project/stm32fx_iolib/stm32f4x_iolib/stm32f4x_iolib_168MHz_8MHz.a(stm32f4xx_usart.o)
                0x0800df4c                USART_SendData
 .text.USART_ReceiveData
                0x0800df54        0x8 /project/stm32fx_iolib/stm32f4x_iolib/stm32f4x_iolib_168MHz_8MHz.a(stm32f4xx_usart.o)
                0x0800df54                USART_ReceiveData
 .text.USART_ITConfig
                0x0800df5c       0x30 /project/stm32fx_iolib/stm32f4x_iolib/stm32f4x_iolib_168MHz_8MHz.a(stm32f4xx_usart.o)
                0x0800df5c                USART_ITConfig
 .text.USART_GetITStatus
                0x0800df8c       0x40 /project/stm32fx_iolib/stm32f4x_iolib/stm32f4x_iolib_168MHz_8MHz.a(stm32f4xx_usart.o)
                0x0800df8c                USART_GetITStatus
 .text.USART_ClearITPendingBit
                0x0800dfcc        0xe /project/stm32fx_iolib/stm32f4x_iolib/stm32f4x_iolib_168MHz_8MHz.a(stm32f4xx_usart.o)
                0x0800dfcc                USART_ClearITPendingBit
 *fill*         0x0800dfda        0x2 
 .text.FSMC_NORSRAMInit
                0x0800dfdc       0xc0 /project/stm32fx_iolib/stm32f4x_iolib/stm32f4x_iolib_168MHz_8MHz.a(stm32f4xx_fsmc.o)
                0x0800dfdc                FSMC_NORSRAMInit
 .text.FSMC_NORSRAMCmd
                0x0800e09c       0x24 /project/stm32fx_iolib/stm32f4x_iolib/stm32f4x_iolib_168MHz_8MHz.a(stm32f4xx_fsmc.o)
                0x0800e09c                FSMC_NORSRAMCmd
 .text.rand     0x0800e0c0       0x40 C:/Program Files (x86)/Arm GNU Toolchain arm-none-eabi/13.3 rel1/bin/../lib/gcc/arm-none-eabi/13.3.1/thumb/v7e-m+fp/hard\libc.a(libc_a-rand.o)
                0x0800e0c0                rand
 .text.memset   0x0800e100       0xa4 C:/Program Files (x86)/Arm GNU Toolchain arm-none-eabi/13.3 rel1/bin/../lib/gcc/arm-none-eabi/13.3.1/thumb/v7e-m+fp/hard\libc.a(libc_a-memset.o)
                0x0800e100                memset
 .text.strncmp  0x0800e1a4       0x8c C:/Program Files (x86)/Arm GNU Toolchain arm-none-eabi/13.3 rel1/bin/../lib/gcc/arm-none-eabi/13.3.1/thumb/v7e-m+fp/hard\libc.a(libc_a-strncmp.o)
                0x0800e1a4                strncmp
 *fill*         0x0800e230       0x10 
 .text          0x0800e240      0x2e0 C:/Program Files (x86)/Arm GNU Toolchain arm-none-eabi/13.3 rel1/bin/../lib/gcc/arm-none-eabi/13.3.1/thumb/v7e-m+fp/hard\libc.a(libc_a-strcmp.o)
                0x0800e240                strcmp
 .text.strcpy   0x0800e520       0xbc C:/Program Files (x86)/Arm GNU Toolchain arm-none-eabi/13.3 rel1/bin/../lib/gcc/arm-none-eabi/13.3.1/thumb/v7e-m+fp/hard\libc.a(libc_a-strcpy.o)
                0x0800e520                strcpy
 .text          0x0800e5dc      0x134 C:/Program Files (x86)/Arm GNU Toolchain arm-none-eabi/13.3 rel1/bin/../lib/gcc/arm-none-eabi/13.3.1/thumb/v7e-m+fp/hard\libc.a(libc_a-memcpy.o)
                0x0800e5dc                memcpy
 *fill*         0x0800e710       0x30 
 .text          0x0800e740       0xd8 C:/Program Files (x86)/Arm GNU Toolchain arm-none-eabi/13.3 rel1/bin/../lib/gcc/arm-none-eabi/13.3.1/thumb/v7e-m+fp/hard\libc.a(libc_a-strlen.o)
                0x0800e740                strlen
 .text          0x0800e818      0x378 C:/Program Files (x86)/Arm GNU Toolchain arm-none-eabi/13.3 rel1/bin/../lib/gcc/arm-none-eabi/13.3.1/thumb/v7e-m+fp/hard\libgcc.a(_arm_addsubdf3.o)
                0x0800e818                __aeabi_drsub
                0x0800e820                __aeabi_dsub
                0x0800e820                __subdf3
                0x0800e824                __aeabi_dadd
                0x0800e824                __adddf3
                0x0800ea9c                __floatunsidf
                0x0800ea9c                __aeabi_ui2d
                0x0800eabc                __floatsidf
                0x0800eabc                __aeabi_i2d
                0x0800eae0                __aeabi_f2d
                0x0800eae0                __extendsfdf2
                0x0800eb24                __floatundidf
                0x0800eb24                __aeabi_ul2d
                0x0800eb34                __floatdidf
                0x0800eb34                __aeabi_l2d
 .text          0x0800eb90      0x424 C:/Program Files (x86)/Arm GNU Toolchain arm-none-eabi/13.3 rel1/bin/../lib/gcc/arm-none-eabi/13.3.1/thumb/v7e-m+fp/hard\libgcc.a(_arm_muldivdf3.o)
                0x0800eb90                __aeabi_dmul
                0x0800eb90                __muldf3
                0x0800ede4                __divdf3
                0x0800ede4                __aeabi_ddiv
 .text          0x0800efb4      0x110 C:/Program Files (x86)/Arm GNU Toolchain arm-none-eabi/13.3 rel1/bin/../lib/gcc/arm-none-eabi/13.3.1/thumb/v7e-m+fp/hard\libgcc.a(_arm_cmpdf2.o)
                0x0800efb4                __gtdf2
                0x0800efb4                __gedf2
                0x0800efbc                __ltdf2
                0x0800efbc                __ledf2
                0x0800efc4                __nedf2
                0x0800efc4                __eqdf2
                0x0800efc4                __cmpdf2
                0x0800f040                __aeabi_cdrcmple
                0x0800f050                __aeabi_cdcmpeq
                0x0800f050                __aeabi_cdcmple
                0x0800f060                __aeabi_dcmpeq
                0x0800f074                __aeabi_dcmplt
                0x0800f088                __aeabi_dcmple
                0x0800f09c                __aeabi_dcmpge
                0x0800f0b0                __aeabi_dcmpgt
 .text          0x0800f0c4       0x50 C:/Program Files (x86)/Arm GNU Toolchain arm-none-eabi/13.3 rel1/bin/../lib/gcc/arm-none-eabi/13.3.1/thumb/v7e-m+fp/hard\libgcc.a(_arm_fixdfsi.o)
                0x0800f0c4                __aeabi_d2iz
                0x0800f0c4                __fixdfsi
 .text          0x0800f114       0x40 C:/Program Files (x86)/Arm GNU Toolchain arm-none-eabi/13.3 rel1/bin/../lib/gcc/arm-none-eabi/13.3.1/thumb/v7e-m+fp/hard\libgcc.a(_arm_fixunsdfsi.o)
                0x0800f114                __aeabi_d2uiz
                0x0800f114                __fixunsdfsi
 .text          0x0800f154       0x30 C:/Program Files (x86)/Arm GNU Toolchain arm-none-eabi/13.3 rel1/bin/../lib/gcc/arm-none-eabi/13.3.1/thumb/v7e-m+fp/hard\libgcc.a(_aeabi_uldivmod.o)
                0x0800f154                __aeabi_uldivmod
 .text.__udivmoddi4
                0x0800f184      0x2bc C:/Program Files (x86)/Arm GNU Toolchain arm-none-eabi/13.3 rel1/bin/../lib/gcc/arm-none-eabi/13.3.1/thumb/v7e-m+fp/hard\libgcc.a(_udivmoddi4.o)
                0x0800f184                __udivmoddi4
 .text          0x0800f440        0x4 C:/Program Files (x86)/Arm GNU Toolchain arm-none-eabi/13.3 rel1/bin/../lib/gcc/arm-none-eabi/13.3.1/thumb/v7e-m+fp/hard\libgcc.a(_dvmd_tls.o)
                0x0800f440                __aeabi_idiv0
                0x0800f440                __aeabi_ldiv0
 *(.plt)
 *(.gnu.warning)
 *(.glue_7t)
 .glue_7t       0x0800f444        0x0 linker stubs
 *(.glue_7)
 .glue_7        0x0800f444        0x0 linker stubs
 *(.vfp11_veneer)
 .vfp11_veneer  0x0800f444        0x0 linker stubs
 *(.ARM.extab* .gnu.linkonce.armextab.*)
 *(.gcc_except_table)

.v4_bx          0x0800f444        0x0
 .v4_bx         0x0800f444        0x0 linker stubs

.iplt           0x0800f444        0x0
 .iplt          0x0800f444        0x0 FLASH_RUN/main.o

.eh_frame_hdr
 *(.eh_frame_hdr)

.eh_frame       0x0800f444       0x4c
 *(.eh_frame)
 .eh_frame      0x0800f444       0x2c C:/Program Files (x86)/Arm GNU Toolchain arm-none-eabi/13.3 rel1/bin/../lib/gcc/arm-none-eabi/13.3.1/thumb/v7e-m+fp/hard\libc.a(libc_a-memcpy.o)
 .eh_frame      0x0800f470       0x20 C:/Program Files (x86)/Arm GNU Toolchain arm-none-eabi/13.3 rel1/bin/../lib/gcc/arm-none-eabi/13.3.1/thumb/v7e-m+fp/hard\libc.a(libc_a-strlen.o)
                                 0x34 (size before relaxing)
                0x0800f490                        __exidx_start = .

.ARM.exidx      0x0800f490        0x8
 *(.ARM.exidx* .gnu.linkonce.armexidx.*)
 .ARM.exidx     0x0800f490        0x8 C:/Program Files (x86)/Arm GNU Toolchain arm-none-eabi/13.3 rel1/bin/../lib/gcc/arm-none-eabi/13.3.1/thumb/v7e-m+fp/hard\libc.a(libc_a-strcmp.o)
 .ARM.exidx     0x0800f498        0x0 C:/Program Files (x86)/Arm GNU Toolchain arm-none-eabi/13.3 rel1/bin/../lib/gcc/arm-none-eabi/13.3.1/thumb/v7e-m+fp/hard\libc.a(libc_a-memcpy.o)
                                  0x8 (size before relaxing)
 .ARM.exidx     0x0800f498        0x0 C:/Program Files (x86)/Arm GNU Toolchain arm-none-eabi/13.3 rel1/bin/../lib/gcc/arm-none-eabi/13.3.1/thumb/v7e-m+fp/hard\libc.a(libc_a-strlen.o)
                                  0x8 (size before relaxing)
 .ARM.exidx.text.__udivmoddi4
                0x0800f498        0x0 C:/Program Files (x86)/Arm GNU Toolchain arm-none-eabi/13.3 rel1/bin/../lib/gcc/arm-none-eabi/13.3.1/thumb/v7e-m+fp/hard\libgcc.a(_udivmoddi4.o)
                                  0x8 (size before relaxing)
                0x0800f498                        __exidx_end = .

.rodata         0x0800f498     0x4cd0
 *(.rodata .rodata.* .gnu.linkonce.r.*)
 .rodata.main.str1.1
                0x0800f498      0x3c8 FLASH_RUN/main.o
                                 0x1d (size before relaxing)
 .rodata.rx_check.str1.1
                0x0800f860       0x1e FLASH_RUN/serial.o
 .rodata.send_data.str1.1
                0x0800f860      0x1db FLASH_RUN/serial.o
 .rodata.receive_check_wifi.str1.1
                0x0800f860      0x102 FLASH_RUN/serial.o
 .rodata.base64de
                0x0800f860       0x80 FLASH_RUN/serial.o
 .rodata.base64en
                0x0800f8e0       0x40 FLASH_RUN/serial.o
 .rodata.key_read.str1.1
                0x0800f920       0x18 FLASH_RUN/key.o
 .rodata.LCD_Init.str1.1
                0x0800f920       0x1b FLASH_RUN/lcd.o
 .rodata.loc3   0x0800f920        0x8 FLASH_RUN/lcd.o
                0x0800f920                loc3
 .rodata.loc2   0x0800f928        0x8 FLASH_RUN/lcd.o
                0x0800f928                loc2
 .rodata.loc1   0x0800f930       0x10 FLASH_RUN/lcd.o
                0x0800f930                loc1
 .rodata.han_tbl
                0x0800f940       0x60 FLASH_RUN/lcd.o
                0x0800f940                han_tbl
 .rodata.s_bit  0x0800f9a0        0x8 FLASH_RUN/lcd.o
                0x0800f9a0                s_bit
 .rodata.KS_CODE
                0x0800f9a8     0x12c0 FLASH_RUN/lcd.o
                0x0800f9a8                KS_CODE
 .rodata.kor_font
                0x08010c68     0x2d00 FLASH_RUN/lcd.o
                0x08010c68                kor_font
 .rodata.eng_font
                0x08013968      0x800 FLASH_RUN/lcd.o
                0x08013968                eng_font
 .rodata.__vfprintf.str1.1
                0x08014168       0x33 FLASH_RUN/print.o
 .rodata.adc_process.str1.1
                0x08014168       0x40 FLASH_RUN/adc.o
 .rodata.Dac1_Set_Voltage.str1.1
                0x08014168        0xd FLASH_RUN/dac1.o
                0x080141a8                        . = ALIGN (0x4)
 *(.init)
                0x080141a8                        . = ALIGN (0x4)
                0x08014168                        __preinit_array_start = .
 *(.preinit_array)
                0x08014168                        __preinit_array_end = .
                0x080141a8                        . = ALIGN (0x4)
                0x08014168                        __init_array_start = .
 *(SORT_BY_NAME(.init_array.*))
 *(.init_array)
                0x08014168                        __init_array_end = .
                0x080141a8                        . = ALIGN (0x4)
 *(.fini)
                0x080141a8                        . = ALIGN (0x4)
                0x08014168                        __fini_array_start = .
 *(.fini_array)
 *(SORT_BY_NAME(.fini_array.*))
                0x08014168                        __fini_array_end = .
                0x080141a8                        . = ALIGN (0x4)
 *crtbegin.o(.ctors)
 *(EXCLUDE_FILE(*crtend.o) .ctors)
 *(SORT_BY_NAME(.ctors.*))
 *crtend.o(.ctors)
                0x080141a8                        . = ALIGN (0x4)
 *crtbegin.o(.dtors)
 *(EXCLUDE_FILE(*crtend.o) .dtors)
 *(SORT_BY_NAME(.dtors.*))
 *crtend.o(.dtors)
 *(.init .init.*)
 *(.fini .fini.*)
                [!provide]                        PROVIDE (__preinit_array_start = .)
 *(.preinit_array)
                [!provide]                        PROVIDE (__preinit_array_end = .)
                [!provide]                        PROVIDE (__init_array_start = .)
 *(SORT_BY_NAME(.init_array.*))
 *(.init_array)
                [!provide]                        PROVIDE (__init_array_end = .)
                [!provide]                        PROVIDE (__fini_array_start = .)
 *(.fini_array)
 *(SORT_BY_NAME(.fini_array.*))
                [!provide]                        PROVIDE (__fini_array_end = .)
                0x080141a8                        . = ALIGN (0x8)
 *fill*         0x08014168        0x0 
 *(.rom)
 *(.rom.b)
                0x08014168                        _etext = .
                0x08014168                        _sidata = _etext

.rel.dyn        0x08014168        0x0
 .rel.iplt      0x08014168        0x0 FLASH_RUN/main.o

.data           0x20000000      0x208 load address 0x08014168
                0x20000000                        _sdata = .
                0x20000000                        . = ALIGN (0x80)
                0x00000000                        _isr_vectorsram_offs = (. - 0x20000000)
 *(.isr_vectorsram)
                0x20000000                        . = ALIGN (0x4)
 *(.jcr)
 *(.got.plt)
 *(.got)
 *(.shdata)
 *(.data .data.* .gnu.linkonce.d.*)
 .data.FLASHStatus
                0x20000000        0x1 FLASH_RUN/main.o
                0x20000000                FLASHStatus
 .data.I2C1_PORT
                0x20000001        0x1 FLASH_RUN/i2c_app.o
                0x20000001                I2C1_PORT
 *fill*         0x20000002        0x2 
 .data.SystemCoreClock
                0x20000004        0x4 /project/stm32fx_iolib/stm32f4x_iolib/stm32f4x_iolib_168MHz_8MHz.a(system_stm32f4xx.o)
                0x20000004                SystemCoreClock
 .data.APBAHBPrescTable
                0x20000008       0x10 /project/stm32fx_iolib/stm32f4x_iolib/stm32f4x_iolib_168MHz_8MHz.a(stm32f4xx_rcc.o)
 .data._impure_ptr
                0x20000018        0x4 C:/Program Files (x86)/Arm GNU Toolchain arm-none-eabi/13.3 rel1/bin/../lib/gcc/arm-none-eabi/13.3.1/thumb/v7e-m+fp/hard\libc.a(libc_a-impure.o)
                0x20000018                _impure_ptr
 *fill*         0x2000001c        0x4 
 .data._impure_data
                0x20000020      0x140 C:/Program Files (x86)/Arm GNU Toolchain arm-none-eabi/13.3 rel1/bin/../lib/gcc/arm-none-eabi/13.3.1/thumb/v7e-m+fp/hard\libc.a(libc_a-impure.o)
                0x20000020                _impure_data
                0x20000160                        . = ALIGN (0x8)
 *(.ram)
 *(.ramfunc*)
 .ramfunc       0x20000160       0xa8 FLASH_RUN/main.o
                0x20000160                SysTick_Handler
                0x20000208                        . = ALIGN (0x4)
                0x20000208                        _edata = .

.igot.plt       0x20000208        0x0 load address 0x08014370
 .igot.plt      0x20000208        0x0 FLASH_RUN/main.o

.bss            0x20000208     0x2ca8 load address 0x08014370
                0x20000208                        . = ALIGN (0x4)
                0x20000208                        _sbss = .
 *(.shbss)
 *(.bss .bss.* .gnu.linkonce.b.*)
 .bss.flip.0    0x20000208        0x1 FLASH_RUN/main.o
 *fill*         0x20000209        0x1 
 .bss.cnt.1     0x2000020a        0x2 FLASH_RUN/main.o
 .bss.remote    0x2000020c        0x1 FLASH_RUN/main.o
                0x2000020c                remote
 .bss.old_key   0x2000020d        0x1 FLASH_RUN/main.o
                0x2000020d                old_key
 .bss.read_key  0x2000020e        0x1 FLASH_RUN/main.o
                0x2000020e                read_key
 .bss.time_led  0x2000020f        0x1 FLASH_RUN/main.o
                0x2000020f                time_led
 .bss.jiffes    0x20000210        0x2 FLASH_RUN/main.o
                0x20000210                jiffes
 .bss.tick      0x20000212        0x2 FLASH_RUN/main.o
                0x20000212                tick
 .bss.dac       0x20000214        0x2 FLASH_RUN/serial.o
                0x20000214                dac
 .bss.buz       0x20000216        0x1 FLASH_RUN/serial.o
                0x20000216                buz
 .bss.led2      0x20000217        0x1 FLASH_RUN/serial.o
                0x20000217                led2
 .bss.led1      0x20000218        0x1 FLASH_RUN/serial.o
                0x20000218                led1
 .bss.rx_topic  0x20000219       0x20 FLASH_RUN/serial.o
                0x20000219                rx_topic
 .bss.tx_topic  0x20000239       0x20 FLASH_RUN/serial.o
                0x20000239                tx_topic
 .bss.login_pw  0x20000259       0x20 FLASH_RUN/serial.o
                0x20000259                login_pw
 .bss.login_id  0x20000279       0x20 FLASH_RUN/serial.o
                0x20000279                login_id
 .bss.ntp_url   0x20000299       0x40 FLASH_RUN/serial.o
                0x20000299                ntp_url
 .bss.host_url  0x200002d9       0x40 FLASH_RUN/serial.o
                0x200002d9                host_url
 .bss.passwd    0x20000319       0x20 FLASH_RUN/serial.o
                0x20000319                passwd
 .bss.ssid      0x20000339       0x20 FLASH_RUN/serial.o
                0x20000339                ssid
 .bss.mqtt_sub_flag
                0x20000359        0x1 FLASH_RUN/serial.o
                0x20000359                mqtt_sub_flag
 .bss.mqtt_connect_flag
                0x2000035a        0x1 FLASH_RUN/serial.o
                0x2000035a                mqtt_connect_flag
 .bss.mqtt_cfg_flag
                0x2000035b        0x1 FLASH_RUN/serial.o
                0x2000035b                mqtt_cfg_flag
 .bss.ntp_req_flag
                0x2000035c        0x1 FLASH_RUN/serial.o
                0x2000035c                ntp_req_flag
 .bss.ntp_flag  0x2000035d        0x1 FLASH_RUN/serial.o
                0x2000035d                ntp_flag
 .bss.wifi_ch   0x2000035e        0x1 FLASH_RUN/serial.o
                0x2000035e                wifi_ch
 .bss.ap_mode   0x2000035f        0x1 FLASH_RUN/serial.o
                0x2000035f                ap_mode
 .bss.mqtt_protocol
                0x20000360        0x1 FLASH_RUN/serial.o
                0x20000360                mqtt_protocol
 .bss.ssid_check
                0x20000361        0x1 FLASH_RUN/serial.o
                0x20000361                ssid_check
 .bss.host_flag
                0x20000362        0x1 FLASH_RUN/serial.o
                0x20000362                host_flag
 .bss.tcp_send  0x20000363        0x1 FLASH_RUN/serial.o
                0x20000363                tcp_send
 .bss.mqtt_send
                0x20000364        0x1 FLASH_RUN/serial.o
                0x20000364                mqtt_send
 .bss.mqtt_connect
                0x20000365        0x1 FLASH_RUN/serial.o
                0x20000365                mqtt_connect
 .bss.wifi_power
                0x20000366        0x1 FLASH_RUN/serial.o
                0x20000366                wifi_power
 .bss.reboot_flag
                0x20000367        0x1 FLASH_RUN/serial.o
                0x20000367                reboot_flag
 .bss.send_data_flag
                0x20000368        0x1 FLASH_RUN/serial.o
                0x20000368                send_data_flag
 .bss.send_flag
                0x20000369        0x1 FLASH_RUN/serial.o
                0x20000369                send_flag
 .bss.ssid_flag
                0x2000036a        0x1 FLASH_RUN/serial.o
                0x2000036a                ssid_flag
 .bss.server_flag
                0x2000036b        0x1 FLASH_RUN/serial.o
                0x2000036b                server_flag
 .bss.mux_flag  0x2000036c        0x1 FLASH_RUN/serial.o
                0x2000036c                mux_flag
 .bss.ip_flag   0x2000036d        0x1 FLASH_RUN/serial.o
                0x2000036d                ip_flag
 .bss.mode_flag
                0x2000036e        0x1 FLASH_RUN/serial.o
                0x2000036e                mode_flag
 .bss.pwr_flag  0x2000036f        0x1 FLASH_RUN/serial.o
                0x2000036f                pwr_flag
 .bss.reset_flag
                0x20000370        0x1 FLASH_RUN/serial.o
                0x20000370                reset_flag
 .bss.gid       0x20000371        0x1 FLASH_RUN/serial.o
                0x20000371                gid
 *fill*         0x20000372        0x2 
 .bss.m_nm      0x20000374        0x4 FLASH_RUN/serial.o
                0x20000374                m_nm
 .bss.m_gw      0x20000378        0x4 FLASH_RUN/serial.o
                0x20000378                m_gw
 .bss.m_ip      0x2000037c        0x4 FLASH_RUN/serial.o
                0x2000037c                m_ip
 .bss.time_req  0x20000380        0x4 FLASH_RUN/serial.o
                0x20000380                time_req
 .bss.ap_mode_time
                0x20000384        0x4 FLASH_RUN/serial.o
                0x20000384                ap_mode_time
 .bss.main_time
                0x20000388        0x4 FLASH_RUN/serial.o
                0x20000388                main_time
 .bss.time_out  0x2000038c        0x4 FLASH_RUN/serial.o
                0x2000038c                time_out
 .bss.mqtt_sub_count
                0x20000390        0x2 FLASH_RUN/serial.o
                0x20000390                mqtt_sub_count
 .bss.send_count
                0x20000392        0x2 FLASH_RUN/serial.o
                0x20000392                send_count
 .bss.mqtt_check_cnt
                0x20000394        0x2 FLASH_RUN/serial.o
                0x20000394                mqtt_check_cnt
 .bss.mqtt_connect_count
                0x20000396        0x2 FLASH_RUN/serial.o
                0x20000396                mqtt_connect_count
 .bss.status_time
                0x20000398        0x2 FLASH_RUN/serial.o
                0x20000398                status_time
 .bss.ssid_error
                0x2000039a        0x2 FLASH_RUN/serial.o
                0x2000039a                ssid_error
 .bss.rx_topic_length
                0x2000039c        0x2 FLASH_RUN/serial.o
                0x2000039c                rx_topic_length
 .bss.tcp_rxcnt
                0x2000039e        0x2 FLASH_RUN/serial.o
                0x2000039e                tcp_rxcnt
 .bss.tcp_txcnt
                0x200003a0        0x2 FLASH_RUN/serial.o
                0x200003a0                tcp_txcnt
 .bss.reboot_count
                0x200003a2        0x2 FLASH_RUN/serial.o
                0x200003a2                reboot_count
 .bss.rx_offset
                0x200003a4        0x2 FLASH_RUN/serial.o
                0x200003a4                rx_offset
 .bss.rx_length
                0x200003a6        0x2 FLASH_RUN/serial.o
                0x200003a6                rx_length
 .bss.tcp_length
                0x200003a8        0x2 FLASH_RUN/serial.o
                0x200003a8                tcp_length
 .bss.pwr_error
                0x200003aa        0x2 FLASH_RUN/serial.o
                0x200003aa                pwr_error
 .bss.mqtt_port
                0x200003ac        0x2 FLASH_RUN/serial.o
                0x200003ac                mqtt_port
 .bss.keep_alive_time
                0x200003ae        0x1 FLASH_RUN/serial.o
                0x200003ae                keep_alive_time
 .bss.mqtt_mode
                0x200003af        0x1 FLASH_RUN/serial.o
                0x200003af                mqtt_mode
 .bss.dhcp_disable
                0x200003b0        0x1 FLASH_RUN/serial.o
                0x200003b0                dhcp_disable
 .bss.rx_message
                0x200003b1       0x11 FLASH_RUN/serial.o
                0x200003b1                rx_message
 .bss.message   0x200003c2       0x11 FLASH_RUN/serial.o
                0x200003c2                message
 .bss.USART3_PORT
                0x200003d3        0x1 FLASH_RUN/serial.o
                0x200003d3                USART3_PORT
 .bss.USART1_PORT
                0x200003d4        0x1 FLASH_RUN/serial.o
                0x200003d4                USART1_PORT
 .bss.tcp_tx    0x200003d5      0x800 FLASH_RUN/serial.o
                0x200003d5                tcp_tx
 .bss.net_rx    0x20000bd5      0x800 FLASH_RUN/serial.o
                0x20000bd5                net_rx
 .bss.txbuff3   0x200013d5      0x800 FLASH_RUN/serial.o
                0x200013d5                txbuff3
 .bss.rxbuff3   0x20001bd5      0x800 FLASH_RUN/serial.o
                0x20001bd5                rxbuff3
 .bss.txbuff2   0x200023d5      0x100 FLASH_RUN/serial.o
                0x200023d5                txbuff2
 .bss.rxbuff2   0x200024d5      0x100 FLASH_RUN/serial.o
                0x200024d5                rxbuff2
 .bss.txbuff1   0x200025d5      0x100 FLASH_RUN/serial.o
                0x200025d5                txbuff1
 .bss.rxbuff1   0x200026d5      0x100 FLASH_RUN/serial.o
                0x200026d5                rxbuff1
 *fill*         0x200027d5        0x3 
 .bss.flash_buff
                0x200027d8      0x400 FLASH_RUN/serial.o
                0x200027d8                flash_buff
 .bss.flash_address
                0x20002bd8        0x4 FLASH_RUN/serial.o
                0x20002bd8                flash_address
 .bss.this_id   0x20002bdc        0x1 FLASH_RUN/serial.o
                0x20002bdc                this_id
 .bss.tx_led    0x20002bdd        0x1 FLASH_RUN/serial.o
                0x20002bdd                tx_led
 .bss.rx_led    0x20002bde        0x1 FLASH_RUN/serial.o
                0x20002bde                rx_led
 .bss.rxck3     0x20002bdf        0x1 FLASH_RUN/serial.o
                0x20002bdf                rxck3
 .bss.rxck2     0x20002be0        0x1 FLASH_RUN/serial.o
                0x20002be0                rxck2
 .bss.rxck1     0x20002be1        0x1 FLASH_RUN/serial.o
                0x20002be1                rxck1
 .bss.maxtx3    0x20002be2        0x2 FLASH_RUN/serial.o
                0x20002be2                maxtx3
 .bss.txcnt3    0x20002be4        0x2 FLASH_RUN/serial.o
                0x20002be4                txcnt3
 .bss.rxcnt3    0x20002be6        0x2 FLASH_RUN/serial.o
                0x20002be6                rxcnt3
 .bss.maxtx2    0x20002be8        0x2 FLASH_RUN/serial.o
                0x20002be8                maxtx2
 .bss.txcnt2    0x20002bea        0x2 FLASH_RUN/serial.o
                0x20002bea                txcnt2
 .bss.rxcnt2    0x20002bec        0x2 FLASH_RUN/serial.o
                0x20002bec                rxcnt2
 .bss.maxtx1    0x20002bee        0x2 FLASH_RUN/serial.o
                0x20002bee                maxtx1
 .bss.txcnt1    0x20002bf0        0x2 FLASH_RUN/serial.o
                0x20002bf0                txcnt1
 .bss.rxcnt1    0x20002bf2        0x2 FLASH_RUN/serial.o
                0x20002bf2                rxcnt1
 .bss.I2C_CHANNEL
                0x20002bf4        0x1 FLASH_RUN/i2c_app.o
                0x20002bf4                I2C_CHANNEL
 *fill*         0x20002bf5        0x1 
 .bss.key_press_time
                0x20002bf6        0x2 FLASH_RUN/key.o
                0x20002bf6                key_press_time
 .bss.beep_max  0x20002bf8        0x2 FLASH_RUN/key.o
                0x20002bf8                beep_max
 .bss.beep_cnt  0x20002bfa        0x2 FLASH_RUN/key.o
                0x20002bfa                beep_cnt
 .bss.beep_on   0x20002bfc        0x1 FLASH_RUN/key.o
                0x20002bfc                beep_on
 .bss.key_value
                0x20002bfd        0x1 FLASH_RUN/key.o
                0x20002bfd                key_value
 .bss.key_cnt4  0x20002bfe        0x1 FLASH_RUN/key.o
                0x20002bfe                key_cnt4
 .bss.key_cnt3  0x20002bff        0x1 FLASH_RUN/key.o
                0x20002bff                key_cnt3
 .bss.key_cnt2  0x20002c00        0x1 FLASH_RUN/key.o
                0x20002c00                key_cnt2
 .bss.key_cnt1  0x20002c01        0x1 FLASH_RUN/key.o
                0x20002c01                key_cnt1
 .bss.lcddev    0x20002c02        0xe FLASH_RUN/lcd.o
                0x20002c02                lcddev
 .bss.delay_tick
                0x20002c10        0x2 FLASH_RUN/lcd.o
                0x20002c10                delay_tick
 .bss.delay_count
                0x20002c12        0x2 FLASH_RUN/lcd.o
                0x20002c12                delay_count
 .bss.hangul_mode
                0x20002c14        0x1 FLASH_RUN/lcd.o
                0x20002c14                hangul_mode
 .bss.dumy_data
                0x20002c15       0x20 FLASH_RUN/lcd.o
                0x20002c15                dumy_data
 .bss.buff      0x20002c35      0x100 FLASH_RUN/lcd.o
                0x20002c35                buff
 *fill*         0x20002d35        0x1 
 .bss.page      0x20002d36        0x2 FLASH_RUN/lcd.o
                0x20002d36                page
 .bss.eng_mode  0x20002d38        0x2 FLASH_RUN/lcd.o
                0x20002d38                eng_mode
 .bss.ty        0x20002d3a        0x2 FLASH_RUN/lcd.o
                0x20002d3a                ty
 .bss.tx        0x20002d3c        0x2 FLASH_RUN/lcd.o
                0x20002d3c                tx
 .bss.max_row   0x20002d3e        0x2 FLASH_RUN/lcd.o
                0x20002d3e                max_row
 .bss.max_col   0x20002d40        0x2 FLASH_RUN/lcd.o
                0x20002d40                max_col
 .bss.ay        0x20002d42        0x2 FLASH_RUN/lcd.o
                0x20002d42                ay
 .bss.ax        0x20002d44        0x2 FLASH_RUN/lcd.o
                0x20002d44                ax
 .bss.maxy      0x20002d46        0x2 FLASH_RUN/lcd.o
                0x20002d46                maxy
 .bss.maxx      0x20002d48        0x2 FLASH_RUN/lcd.o
                0x20002d48                maxx
 .bss.background_color
                0x20002d4a        0x2 FLASH_RUN/lcd.o
                0x20002d4a                background_color
 .bss.foreground_color
                0x20002d4c        0x2 FLASH_RUN/lcd.o
                0x20002d4c                foreground_color
 *fill*         0x20002d4e        0x2 
 .bss.remocon_recv
                0x20002d50        0x4 FLASH_RUN/ir_remocon.o
                0x20002d50                remocon_recv
 .bss.remocon_time
                0x20002d54        0x2 FLASH_RUN/ir_remocon.o
                0x20002d54                remocon_time
 .bss.remocon_status
                0x20002d56        0x1 FLASH_RUN/ir_remocon.o
                0x20002d56                remocon_status
 .bss.remote_count
                0x20002d57        0x1 FLASH_RUN/ir_remocon.o
                0x20002d57                remote_count
 .bss.adc_temperature
                0x20002d58        0x2 FLASH_RUN/adc.o
                0x20002d58                adc_temperature
 .bss.adc_voltage2
                0x20002d5a        0x2 FLASH_RUN/adc.o
                0x20002d5a                adc_voltage2
 .bss.adc_voltage1
                0x20002d5c        0x2 FLASH_RUN/adc.o
                0x20002d5c                adc_voltage1
 *fill*         0x20002d5e        0x2 
 .bss.adc_lsum  0x20002d60        0x4 FLASH_RUN/adc.o
                0x20002d60                adc_lsum
 .bss.adc_tsum  0x20002d64        0x4 FLASH_RUN/adc.o
                0x20002d64                adc_tsum
 .bss.adc_vsum  0x20002d68        0x4 FLASH_RUN/adc.o
                0x20002d68                adc_vsum
 .bss.adc_lcount
                0x20002d6c        0x2 FLASH_RUN/adc.o
                0x20002d6c                adc_lcount
 .bss.adc_tcount
                0x20002d6e        0x2 FLASH_RUN/adc.o
                0x20002d6e                adc_tcount
 .bss.adc_count
                0x20002d70        0x2 FLASH_RUN/adc.o
                0x20002d70                adc_count
 .bss.send_dac  0x20002d72        0x2 FLASH_RUN/dac1.o
                0x20002d72                send_dac
 .bss.HL2IRW    0x20002d74        0x4 /project/stm32fx_iolib/stm32f4x_iolib/stm32f4x_iolib_168MHz_8MHz.a(startup_stm32f4xx.o)
                0x20002d74                HL2IRW
 .bss.__sf      0x20002d78      0x138 C:/Program Files (x86)/Arm GNU Toolchain arm-none-eabi/13.3 rel1/bin/../lib/gcc/arm-none-eabi/13.3.1/thumb/v7e-m+fp/hard\libc.a(libc_a-findfp.o)
                0x20002d78                __sf
 *(COMMON)
                0x20002eb0                        . = ALIGN (0x8)
 *(.ram.b)
                0x20002eb0                        . = ALIGN (0x4)
                0x20002eb0                        _ebss = .
                0x20002eb0                        _end = .
                0x20002eb0                        __end = .

._usrstack      0x20002eb0     0x1000 load address 0x08014370
                0x20002eb0                        . = ALIGN (0x4)
                0x20002eb0                        _susrstack = .
                0x20003eb0                        . = (. + _Minimum_Stack_Size)
 *fill*         0x20002eb0     0x1000 
                0x20003eb0                        . = ALIGN (0x4)
                0x20003eb0                        _eusrstack = .

.b1text
 *(.b1text)
 *(.b1rodata)
 *(.b1rodata*)

.eb0text
 *(.eb0text)
 *(.eb0rodata)
 *(.eb0rodata*)

.eb1text
 *(.eb1text)
 *(.eb1rodata)
 *(.eb1rodata*)

.eb2text
 *(.eb2text)
 *(.eb2rodata)
 *(.eb2rodata*)

.eb3text
 *(.eb3text)
 *(.eb3rodata)
 *(.eb3rodata*)

.stab
 *(.stab)

.stabstr
 *(.stabstr)

.stab.excl
 *(.stab.excl)

.stab.exclstr
 *(.stab.exclstr)

.stab.index
 *(.stab.index)

.stab.indexstr
 *(.stab.indexstr)

.comment        0x00000000       0x8e
 *(.comment)
 .comment       0x00000000       0x8e FLASH_RUN/main.o
                                 0x46 (size before relaxing)
 .comment       0x0000008e       0x46 FLASH_RUN/serial.o
 .comment       0x0000008e       0x46 FLASH_RUN/i2c_app.o
 .comment       0x0000008e       0x46 FLASH_RUN/key.o
 .comment       0x0000008e       0x46 FLASH_RUN/lcd.o
 .comment       0x0000008e       0x46 FLASH_RUN/print.o
 .comment       0x0000008e       0x46 FLASH_RUN/random_disp.o
 .comment       0x0000008e       0x46 FLASH_RUN/ir_remocon.o
 .comment       0x0000008e       0x46 FLASH_RUN/adc.o
 .comment       0x0000008e       0x46 FLASH_RUN/dac1.o
 .comment       0x0000008e       0x4a /project/stm32fx_iolib/stm32f4x_iolib/stm32f4x_iolib_168MHz_8MHz.a(startup_stm32f4xx.o)
 .comment       0x0000008e       0x4a /project/stm32fx_iolib/stm32f4x_iolib/stm32f4x_iolib_168MHz_8MHz.a(system_stm32f4xx.o)
 .comment       0x0000008e       0x4a /project/stm32fx_iolib/stm32f4x_iolib/stm32f4x_iolib_168MHz_8MHz.a(misc.o)
 .comment       0x0000008e       0x4a /project/stm32fx_iolib/stm32f4x_iolib/stm32f4x_iolib_168MHz_8MHz.a(stm32f4xx_adc.o)
 .comment       0x0000008e       0x4a /project/stm32fx_iolib/stm32f4x_iolib/stm32f4x_iolib_168MHz_8MHz.a(stm32f4xx_dac.o)
 .comment       0x0000008e       0x4a /project/stm32fx_iolib/stm32f4x_iolib/stm32f4x_iolib_168MHz_8MHz.a(stm32f4xx_flash.o)
 .comment       0x0000008e       0x4a /project/stm32fx_iolib/stm32f4x_iolib/stm32f4x_iolib_168MHz_8MHz.a(stm32f4xx_gpio.o)
 .comment       0x0000008e       0x4a /project/stm32fx_iolib/stm32f4x_iolib/stm32f4x_iolib_168MHz_8MHz.a(stm32f4xx_i2c.o)
 .comment       0x0000008e       0x4a /project/stm32fx_iolib/stm32f4x_iolib/stm32f4x_iolib_168MHz_8MHz.a(stm32f4xx_iwdg.o)
 .comment       0x0000008e       0x4a /project/stm32fx_iolib/stm32f4x_iolib/stm32f4x_iolib_168MHz_8MHz.a(stm32f4xx_rcc.o)
 .comment       0x0000008e       0x4a /project/stm32fx_iolib/stm32f4x_iolib/stm32f4x_iolib_168MHz_8MHz.a(stm32f4xx_tim.o)
 .comment       0x0000008e       0x4a /project/stm32fx_iolib/stm32f4x_iolib/stm32f4x_iolib_168MHz_8MHz.a(stm32f4xx_usart.o)
 .comment       0x0000008e       0x4a /project/stm32fx_iolib/stm32f4x_iolib/stm32f4x_iolib_168MHz_8MHz.a(stm32f4xx_fsmc.o)

.debug
 *(.debug)

.line
 *(.line)

.debug_srcinfo
 *(.debug_srcinfo)

.debug_sfnames
 *(.debug_sfnames)

.debug_aranges  0x00000000     0x1068
 *(.debug_aranges)
 .debug_aranges
                0x00000000       0x60 FLASH_RUN/main.o
 .debug_aranges
                0x00000060       0xf8 FLASH_RUN/serial.o
 .debug_aranges
                0x00000158       0x58 FLASH_RUN/i2c_app.o
 .debug_aranges
                0x000001b0       0x40 FLASH_RUN/key.o
 .debug_aranges
                0x000001f0      0x170 FLASH_RUN/lcd.o
 .debug_aranges
                0x00000360       0x50 FLASH_RUN/print.o
 .debug_aranges
                0x000003b0       0x20 FLASH_RUN/random_disp.o
 .debug_aranges
                0x000003d0       0x40 FLASH_RUN/ir_remocon.o
 .debug_aranges
                0x00000410       0x40 FLASH_RUN/adc.o
 .debug_aranges
                0x00000450       0x28 FLASH_RUN/dac1.o
 .debug_aranges
                0x00000478       0x30 /project/stm32fx_iolib/stm32f4x_iolib/stm32f4x_iolib_168MHz_8MHz.a(startup_stm32f4xx.o)
 .debug_aranges
                0x000004a8       0x28 /project/stm32fx_iolib/stm32f4x_iolib/stm32f4x_iolib_168MHz_8MHz.a(system_stm32f4xx.o)
 .debug_aranges
                0x000004d0       0x40 /project/stm32fx_iolib/stm32f4x_iolib/stm32f4x_iolib_168MHz_8MHz.a(misc.o)
 .debug_aranges
                0x00000510      0x148 /project/stm32fx_iolib/stm32f4x_iolib/stm32f4x_iolib_168MHz_8MHz.a(stm32f4xx_adc.o)
 .debug_aranges
                0x00000658       0x90 /project/stm32fx_iolib/stm32f4x_iolib/stm32f4x_iolib_168MHz_8MHz.a(stm32f4xx_dac.o)
 .debug_aranges
                0x000006e8      0x140 /project/stm32fx_iolib/stm32f4x_iolib/stm32f4x_iolib_168MHz_8MHz.a(stm32f4xx_flash.o)
 .debug_aranges
                0x00000828       0x90 /project/stm32fx_iolib/stm32f4x_iolib/stm32f4x_iolib_168MHz_8MHz.a(stm32f4xx_gpio.o)
 .debug_aranges
                0x000008b8      0x120 /project/stm32fx_iolib/stm32f4x_iolib/stm32f4x_iolib_168MHz_8MHz.a(stm32f4xx_i2c.o)
 .debug_aranges
                0x000009d8       0x48 /project/stm32fx_iolib/stm32f4x_iolib/stm32f4x_iolib_168MHz_8MHz.a(stm32f4xx_iwdg.o)
 .debug_aranges
                0x00000a20      0x1c0 /project/stm32fx_iolib/stm32f4x_iolib/stm32f4x_iolib_168MHz_8MHz.a(stm32f4xx_rcc.o)
 .debug_aranges
                0x00000be0      0x2d8 /project/stm32fx_iolib/stm32f4x_iolib/stm32f4x_iolib_168MHz_8MHz.a(stm32f4xx_tim.o)
 .debug_aranges
                0x00000eb8      0x100 /project/stm32fx_iolib/stm32f4x_iolib/stm32f4x_iolib_168MHz_8MHz.a(stm32f4xx_usart.o)
 .debug_aranges
                0x00000fb8       0xb0 /project/stm32fx_iolib/stm32f4x_iolib/stm32f4x_iolib_168MHz_8MHz.a(stm32f4xx_fsmc.o)

.debug_pubnames
 *(.debug_pubnames)

.debug_info     0x00000000    0x172e0
 *(.debug_info .gnu.linkonce.wi.*)
 .debug_info    0x00000000     0x127d FLASH_RUN/main.o
 .debug_info    0x0000127d     0x2c2d FLASH_RUN/serial.o
 .debug_info    0x00003eaa      0xd8e FLASH_RUN/i2c_app.o
 .debug_info    0x00004c38      0x66b FLASH_RUN/key.o
 .debug_info    0x000052a3     0x5fbe FLASH_RUN/lcd.o
 .debug_info    0x0000b261      0xbd9 FLASH_RUN/print.o
 .debug_info    0x0000be3a      0x255 FLASH_RUN/random_disp.o
 .debug_info    0x0000c08f      0xca3 FLASH_RUN/ir_remocon.o
 .debug_info    0x0000cd32      0xd7a FLASH_RUN/adc.o
 .debug_info    0x0000daac      0x4d5 FLASH_RUN/dac1.o
 .debug_info    0x0000df81      0x459 /project/stm32fx_iolib/stm32f4x_iolib/stm32f4x_iolib_168MHz_8MHz.a(startup_stm32f4xx.o)
 .debug_info    0x0000e3da      0x670 /project/stm32fx_iolib/stm32f4x_iolib/stm32f4x_iolib_168MHz_8MHz.a(system_stm32f4xx.o)
 .debug_info    0x0000ea4a      0x57c /project/stm32fx_iolib/stm32f4x_iolib/stm32f4x_iolib_168MHz_8MHz.a(misc.o)
 .debug_info    0x0000efc6      0xdd7 /project/stm32fx_iolib/stm32f4x_iolib/stm32f4x_iolib_168MHz_8MHz.a(stm32f4xx_adc.o)
 .debug_info    0x0000fd9d      0x70f /project/stm32fx_iolib/stm32f4x_iolib/stm32f4x_iolib_168MHz_8MHz.a(stm32f4xx_dac.o)
 .debug_info    0x000104ac      0xb5c /project/stm32fx_iolib/stm32f4x_iolib/stm32f4x_iolib_168MHz_8MHz.a(stm32f4xx_flash.o)
 .debug_info    0x00011008      0x893 /project/stm32fx_iolib/stm32f4x_iolib/stm32f4x_iolib_168MHz_8MHz.a(stm32f4xx_gpio.o)
 .debug_info    0x0001189b      0xd0f /project/stm32fx_iolib/stm32f4x_iolib/stm32f4x_iolib_168MHz_8MHz.a(stm32f4xx_i2c.o)
 .debug_info    0x000125aa      0x201 /project/stm32fx_iolib/stm32f4x_iolib/stm32f4x_iolib_168MHz_8MHz.a(stm32f4xx_iwdg.o)
 .debug_info    0x000127ab     0x10ce /project/stm32fx_iolib/stm32f4x_iolib/stm32f4x_iolib_168MHz_8MHz.a(stm32f4xx_rcc.o)
 .debug_info    0x00013879     0x2417 /project/stm32fx_iolib/stm32f4x_iolib/stm32f4x_iolib_168MHz_8MHz.a(stm32f4xx_tim.o)
 .debug_info    0x00015c90      0xbda /project/stm32fx_iolib/stm32f4x_iolib/stm32f4x_iolib_168MHz_8MHz.a(stm32f4xx_usart.o)
 .debug_info    0x0001686a      0xa76 /project/stm32fx_iolib/stm32f4x_iolib/stm32f4x_iolib_168MHz_8MHz.a(stm32f4xx_fsmc.o)

.debug_abbrev   0x00000000     0x3890
 *(.debug_abbrev)
 .debug_abbrev  0x00000000      0x38d FLASH_RUN/main.o
 .debug_abbrev  0x0000038d      0x507 FLASH_RUN/serial.o
 .debug_abbrev  0x00000894      0x2c2 FLASH_RUN/i2c_app.o
 .debug_abbrev  0x00000b56      0x286 FLASH_RUN/key.o
 .debug_abbrev  0x00000ddc      0x4fe FLASH_RUN/lcd.o
 .debug_abbrev  0x000012da      0x387 FLASH_RUN/print.o
 .debug_abbrev  0x00001661      0x134 FLASH_RUN/random_disp.o
 .debug_abbrev  0x00001795      0x24b FLASH_RUN/ir_remocon.o
 .debug_abbrev  0x000019e0      0x2ad FLASH_RUN/adc.o
 .debug_abbrev  0x00001c8d      0x1c4 FLASH_RUN/dac1.o
 .debug_abbrev  0x00001e51      0x180 /project/stm32fx_iolib/stm32f4x_iolib/stm32f4x_iolib_168MHz_8MHz.a(startup_stm32f4xx.o)
 .debug_abbrev  0x00001fd1      0x192 /project/stm32fx_iolib/stm32f4x_iolib/stm32f4x_iolib_168MHz_8MHz.a(system_stm32f4xx.o)
 .debug_abbrev  0x00002163      0x187 /project/stm32fx_iolib/stm32f4x_iolib/stm32f4x_iolib_168MHz_8MHz.a(misc.o)
 .debug_abbrev  0x000022ea      0x1e9 /project/stm32fx_iolib/stm32f4x_iolib/stm32f4x_iolib_168MHz_8MHz.a(stm32f4xx_adc.o)
 .debug_abbrev  0x000024d3      0x253 /project/stm32fx_iolib/stm32f4x_iolib/stm32f4x_iolib_168MHz_8MHz.a(stm32f4xx_dac.o)
 .debug_abbrev  0x00002726      0x257 /project/stm32fx_iolib/stm32f4x_iolib/stm32f4x_iolib_168MHz_8MHz.a(stm32f4xx_flash.o)
 .debug_abbrev  0x0000297d      0x230 /project/stm32fx_iolib/stm32f4x_iolib/stm32f4x_iolib_168MHz_8MHz.a(stm32f4xx_gpio.o)
 .debug_abbrev  0x00002bad      0x276 /project/stm32fx_iolib/stm32f4x_iolib/stm32f4x_iolib_168MHz_8MHz.a(stm32f4xx_i2c.o)
 .debug_abbrev  0x00002e23      0x13b /project/stm32fx_iolib/stm32f4x_iolib/stm32f4x_iolib_168MHz_8MHz.a(stm32f4xx_iwdg.o)
 .debug_abbrev  0x00002f5e      0x27f /project/stm32fx_iolib/stm32f4x_iolib/stm32f4x_iolib_168MHz_8MHz.a(stm32f4xx_rcc.o)
 .debug_abbrev  0x000031dd      0x2f3 /project/stm32fx_iolib/stm32f4x_iolib/stm32f4x_iolib_168MHz_8MHz.a(stm32f4xx_tim.o)
 .debug_abbrev  0x000034d0      0x1db /project/stm32fx_iolib/stm32f4x_iolib/stm32f4x_iolib_168MHz_8MHz.a(stm32f4xx_usart.o)
 .debug_abbrev  0x000036ab      0x1e5 /project/stm32fx_iolib/stm32f4x_iolib/stm32f4x_iolib_168MHz_8MHz.a(stm32f4xx_fsmc.o)

.debug_line     0x00000000     0xe47b
 *(.debug_line)
 .debug_line    0x00000000      0x6c9 FLASH_RUN/main.o
 .debug_line    0x000006c9     0x26f3 FLASH_RUN/serial.o
 .debug_line    0x00002dbc      0x5b9 FLASH_RUN/i2c_app.o
 .debug_line    0x00003375      0x45c FLASH_RUN/key.o
 .debug_line    0x000037d1     0x19fa FLASH_RUN/lcd.o
 .debug_line    0x000051cb      0xd08 FLASH_RUN/print.o
 .debug_line    0x00005ed3      0x281 FLASH_RUN/random_disp.o
 .debug_line    0x00006154      0x540 FLASH_RUN/ir_remocon.o
 .debug_line    0x00006694      0x4b0 FLASH_RUN/adc.o
 .debug_line    0x00006b44      0x272 FLASH_RUN/dac1.o
 .debug_line    0x00006db6      0x242 /project/stm32fx_iolib/stm32f4x_iolib/stm32f4x_iolib_168MHz_8MHz.a(startup_stm32f4xx.o)
 .debug_line    0x00006ff8      0x366 /project/stm32fx_iolib/stm32f4x_iolib/stm32f4x_iolib_168MHz_8MHz.a(system_stm32f4xx.o)
 .debug_line    0x0000735e      0x2d3 /project/stm32fx_iolib/stm32f4x_iolib/stm32f4x_iolib_168MHz_8MHz.a(misc.o)
 .debug_line    0x00007631      0xc0f /project/stm32fx_iolib/stm32f4x_iolib/stm32f4x_iolib_168MHz_8MHz.a(stm32f4xx_adc.o)
 .debug_line    0x00008240      0x52f /project/stm32fx_iolib/stm32f4x_iolib/stm32f4x_iolib_168MHz_8MHz.a(stm32f4xx_dac.o)
 .debug_line    0x0000876f      0xa5e /project/stm32fx_iolib/stm32f4x_iolib/stm32f4x_iolib_168MHz_8MHz.a(stm32f4xx_flash.o)
 .debug_line    0x000091cd      0x694 /project/stm32fx_iolib/stm32f4x_iolib/stm32f4x_iolib_168MHz_8MHz.a(stm32f4xx_gpio.o)
 .debug_line    0x00009861      0xa82 /project/stm32fx_iolib/stm32f4x_iolib/stm32f4x_iolib_168MHz_8MHz.a(stm32f4xx_i2c.o)
 .debug_line    0x0000a2e3      0x201 /project/stm32fx_iolib/stm32f4x_iolib/stm32f4x_iolib_168MHz_8MHz.a(stm32f4xx_iwdg.o)
 .debug_line    0x0000a4e4      0xe4a /project/stm32fx_iolib/stm32f4x_iolib/stm32f4x_iolib_168MHz_8MHz.a(stm32f4xx_rcc.o)
 .debug_line    0x0000b32e     0x1c94 /project/stm32fx_iolib/stm32f4x_iolib/stm32f4x_iolib_168MHz_8MHz.a(stm32f4xx_tim.o)
 .debug_line    0x0000cfc2      0xa1f /project/stm32fx_iolib/stm32f4x_iolib/stm32f4x_iolib_168MHz_8MHz.a(stm32f4xx_usart.o)
 .debug_line    0x0000d9e1      0xa9a /project/stm32fx_iolib/stm32f4x_iolib/stm32f4x_iolib_168MHz_8MHz.a(stm32f4xx_fsmc.o)

.debug_frame    0x00000000     0x2bb8
 *(.debug_frame)
 .debug_frame   0x00000000       0xd4 FLASH_RUN/main.o
 .debug_frame   0x000000d4      0x348 FLASH_RUN/serial.o
 .debug_frame   0x0000041c       0xf8 FLASH_RUN/i2c_app.o
 .debug_frame   0x00000514       0x74 FLASH_RUN/key.o
 .debug_frame   0x00000588      0x49c FLASH_RUN/lcd.o
 .debug_frame   0x00000a24       0xd4 FLASH_RUN/print.o
 .debug_frame   0x00000af8       0x3c FLASH_RUN/random_disp.o
 .debug_frame   0x00000b34       0xb0 FLASH_RUN/ir_remocon.o
 .debug_frame   0x00000be4       0xa0 FLASH_RUN/adc.o
 .debug_frame   0x00000c84       0x48 FLASH_RUN/dac1.o
 .debug_frame   0x00000ccc       0x58 /project/stm32fx_iolib/stm32f4x_iolib/stm32f4x_iolib_168MHz_8MHz.a(startup_stm32f4xx.o)
 .debug_frame   0x00000d24       0x38 /project/stm32fx_iolib/stm32f4x_iolib/stm32f4x_iolib_168MHz_8MHz.a(system_stm32f4xx.o)
 .debug_frame   0x00000d5c       0x6c /project/stm32fx_iolib/stm32f4x_iolib/stm32f4x_iolib_168MHz_8MHz.a(misc.o)
 .debug_frame   0x00000dc8      0x2b4 /project/stm32fx_iolib/stm32f4x_iolib/stm32f4x_iolib_168MHz_8MHz.a(stm32f4xx_adc.o)
 .debug_frame   0x0000107c      0x150 /project/stm32fx_iolib/stm32f4x_iolib/stm32f4x_iolib_168MHz_8MHz.a(stm32f4xx_dac.o)
 .debug_frame   0x000011cc      0x32c /project/stm32fx_iolib/stm32f4x_iolib/stm32f4x_iolib_168MHz_8MHz.a(stm32f4xx_flash.o)
 .debug_frame   0x000014f8      0x140 /project/stm32fx_iolib/stm32f4x_iolib/stm32f4x_iolib_168MHz_8MHz.a(stm32f4xx_gpio.o)
 .debug_frame   0x00001638      0x278 /project/stm32fx_iolib/stm32f4x_iolib/stm32f4x_iolib_168MHz_8MHz.a(stm32f4xx_i2c.o)
 .debug_frame   0x000018b0       0x70 /project/stm32fx_iolib/stm32f4x_iolib/stm32f4x_iolib_168MHz_8MHz.a(stm32f4xx_iwdg.o)
 .debug_frame   0x00001920      0x378 /project/stm32fx_iolib/stm32f4x_iolib/stm32f4x_iolib_168MHz_8MHz.a(stm32f4xx_rcc.o)
 .debug_frame   0x00001c98      0x6bc /project/stm32fx_iolib/stm32f4x_iolib/stm32f4x_iolib_168MHz_8MHz.a(stm32f4xx_tim.o)
 .debug_frame   0x00002354      0x224 /project/stm32fx_iolib/stm32f4x_iolib/stm32f4x_iolib_168MHz_8MHz.a(stm32f4xx_usart.o)
 .debug_frame   0x00002578      0x160 /project/stm32fx_iolib/stm32f4x_iolib/stm32f4x_iolib_168MHz_8MHz.a(stm32f4xx_fsmc.o)
 .debug_frame   0x000026d8       0x3c C:/Program Files (x86)/Arm GNU Toolchain arm-none-eabi/13.3 rel1/bin/../lib/gcc/arm-none-eabi/13.3.1/thumb/v7e-m+fp/hard\libc.a(libc_a-rand.o)
 .debug_frame   0x00002714       0x2c C:/Program Files (x86)/Arm GNU Toolchain arm-none-eabi/13.3 rel1/bin/../lib/gcc/arm-none-eabi/13.3.1/thumb/v7e-m+fp/hard\libc.a(libc_a-memset.o)
 .debug_frame   0x00002740       0x38 C:/Program Files (x86)/Arm GNU Toolchain arm-none-eabi/13.3 rel1/bin/../lib/gcc/arm-none-eabi/13.3.1/thumb/v7e-m+fp/hard\libc.a(libc_a-strncmp.o)
 .debug_frame   0x00002778       0x7c C:/Program Files (x86)/Arm GNU Toolchain arm-none-eabi/13.3 rel1/bin/../lib/gcc/arm-none-eabi/13.3.1/thumb/v7e-m+fp/hard\libc.a(libc_a-strcmp.o)
 .debug_frame   0x000027f4       0x20 C:/Program Files (x86)/Arm GNU Toolchain arm-none-eabi/13.3 rel1/bin/../lib/gcc/arm-none-eabi/13.3.1/thumb/v7e-m+fp/hard\libc.a(libc_a-strcpy.o)
 .debug_frame   0x00002814      0x13c C:/Program Files (x86)/Arm GNU Toolchain arm-none-eabi/13.3 rel1/bin/../lib/gcc/arm-none-eabi/13.3.1/thumb/v7e-m+fp/hard\libc.a(libc_a-findfp.o)
 .debug_frame   0x00002950       0xac C:/Program Files (x86)/Arm GNU Toolchain arm-none-eabi/13.3 rel1/bin/../lib/gcc/arm-none-eabi/13.3.1/thumb/v7e-m+fp/hard\libgcc.a(_arm_addsubdf3.o)
 .debug_frame   0x000029fc       0x50 C:/Program Files (x86)/Arm GNU Toolchain arm-none-eabi/13.3 rel1/bin/../lib/gcc/arm-none-eabi/13.3.1/thumb/v7e-m+fp/hard\libgcc.a(_arm_muldivdf3.o)
 .debug_frame   0x00002a4c       0xc4 C:/Program Files (x86)/Arm GNU Toolchain arm-none-eabi/13.3 rel1/bin/../lib/gcc/arm-none-eabi/13.3.1/thumb/v7e-m+fp/hard\libgcc.a(_arm_cmpdf2.o)
 .debug_frame   0x00002b10       0x24 C:/Program Files (x86)/Arm GNU Toolchain arm-none-eabi/13.3 rel1/bin/../lib/gcc/arm-none-eabi/13.3.1/thumb/v7e-m+fp/hard\libgcc.a(_arm_fixdfsi.o)
 .debug_frame   0x00002b34       0x24 C:/Program Files (x86)/Arm GNU Toolchain arm-none-eabi/13.3 rel1/bin/../lib/gcc/arm-none-eabi/13.3.1/thumb/v7e-m+fp/hard\libgcc.a(_arm_fixunsdfsi.o)
 .debug_frame   0x00002b58       0x2c C:/Program Files (x86)/Arm GNU Toolchain arm-none-eabi/13.3 rel1/bin/../lib/gcc/arm-none-eabi/13.3.1/thumb/v7e-m+fp/hard\libgcc.a(_aeabi_uldivmod.o)
 .debug_frame   0x00002b84       0x34 C:/Program Files (x86)/Arm GNU Toolchain arm-none-eabi/13.3 rel1/bin/../lib/gcc/arm-none-eabi/13.3.1/thumb/v7e-m+fp/hard\libgcc.a(_udivmoddi4.o)

.debug_str      0x00000000     0x4d41
 *(.debug_str)
 .debug_str     0x00000000     0x4d41 FLASH_RUN/main.o
                                0xd0c (size before relaxing)
 .debug_str     0x00004d41     0x11a6 FLASH_RUN/serial.o
 .debug_str     0x00004d41      0x5b0 FLASH_RUN/i2c_app.o
 .debug_str     0x00004d41      0x373 FLASH_RUN/key.o
 .debug_str     0x00004d41      0xaa7 FLASH_RUN/lcd.o
 .debug_str     0x00004d41      0x256 FLASH_RUN/print.o
 .debug_str     0x00004d41      0x20e FLASH_RUN/random_disp.o
 .debug_str     0x00004d41      0xbc5 FLASH_RUN/ir_remocon.o
 .debug_str     0x00004d41      0x663 FLASH_RUN/adc.o
 .debug_str     0x00004d41      0x3ec FLASH_RUN/dac1.o
 .debug_str     0x00004d41      0x306 /project/stm32fx_iolib/stm32f4x_iolib/stm32f4x_iolib_168MHz_8MHz.a(startup_stm32f4xx.o)
 .debug_str     0x00004d41      0x3f9 /project/stm32fx_iolib/stm32f4x_iolib/stm32f4x_iolib_168MHz_8MHz.a(system_stm32f4xx.o)
 .debug_str     0x00004d41      0x3db /project/stm32fx_iolib/stm32f4x_iolib/stm32f4x_iolib_168MHz_8MHz.a(misc.o)
 .debug_str     0x00004d41      0x828 /project/stm32fx_iolib/stm32f4x_iolib/stm32f4x_iolib_168MHz_8MHz.a(stm32f4xx_adc.o)
 .debug_str     0x00004d41      0x477 /project/stm32fx_iolib/stm32f4x_iolib/stm32f4x_iolib_168MHz_8MHz.a(stm32f4xx_dac.o)
 .debug_str     0x00004d41      0x6ac /project/stm32fx_iolib/stm32f4x_iolib/stm32f4x_iolib_168MHz_8MHz.a(stm32f4xx_flash.o)
 .debug_str     0x00004d41      0x4e3 /project/stm32fx_iolib/stm32f4x_iolib/stm32f4x_iolib_168MHz_8MHz.a(stm32f4xx_gpio.o)
 .debug_str     0x00004d41      0x6e8 /project/stm32fx_iolib/stm32f4x_iolib/stm32f4x_iolib_168MHz_8MHz.a(stm32f4xx_i2c.o)
 .debug_str     0x00004d41      0x279 /project/stm32fx_iolib/stm32f4x_iolib/stm32f4x_iolib_168MHz_8MHz.a(stm32f4xx_iwdg.o)
 .debug_str     0x00004d41      0x9cf /project/stm32fx_iolib/stm32f4x_iolib/stm32f4x_iolib_168MHz_8MHz.a(stm32f4xx_rcc.o)
 .debug_str     0x00004d41      0xe0b /project/stm32fx_iolib/stm32f4x_iolib/stm32f4x_iolib_168MHz_8MHz.a(stm32f4xx_tim.o)
 .debug_str     0x00004d41      0x6dc /project/stm32fx_iolib/stm32f4x_iolib/stm32f4x_iolib_168MHz_8MHz.a(stm32f4xx_usart.o)
 .debug_str     0x00004d41      0x7e7 /project/stm32fx_iolib/stm32f4x_iolib/stm32f4x_iolib_168MHz_8MHz.a(stm32f4xx_fsmc.o)

.debug_loc      0x00000000     0xb12e
 *(.debug_loc)
 .debug_loc     0x00000000      0x1f6 FLASH_RUN/main.o
 .debug_loc     0x000001f6      0xd81 FLASH_RUN/serial.o
 .debug_loc     0x00000f77      0x383 FLASH_RUN/i2c_app.o
 .debug_loc     0x000012fa       0x88 FLASH_RUN/key.o
 .debug_loc     0x00001382     0x1d9c FLASH_RUN/lcd.o
 .debug_loc     0x0000311e     0x13dd FLASH_RUN/print.o
 .debug_loc     0x000044fb      0x15c FLASH_RUN/random_disp.o
 .debug_loc     0x00004657      0x14f FLASH_RUN/ir_remocon.o
 .debug_loc     0x000047a6      0x44f FLASH_RUN/adc.o
 .debug_loc     0x00004bf5       0x7b FLASH_RUN/dac1.o
 .debug_loc     0x00004c70      0x107 /project/stm32fx_iolib/stm32f4x_iolib/stm32f4x_iolib_168MHz_8MHz.a(system_stm32f4xx.o)
 .debug_loc     0x00004d77      0x176 /project/stm32fx_iolib/stm32f4x_iolib/stm32f4x_iolib_168MHz_8MHz.a(misc.o)
 .debug_loc     0x00004eed      0xc6a /project/stm32fx_iolib/stm32f4x_iolib/stm32f4x_iolib_168MHz_8MHz.a(stm32f4xx_adc.o)
 .debug_loc     0x00005b57      0x399 /project/stm32fx_iolib/stm32f4x_iolib/stm32f4x_iolib_168MHz_8MHz.a(stm32f4xx_dac.o)
 .debug_loc     0x00005ef0      0x867 /project/stm32fx_iolib/stm32f4x_iolib/stm32f4x_iolib_168MHz_8MHz.a(stm32f4xx_flash.o)
 .debug_loc     0x00006757      0x555 /project/stm32fx_iolib/stm32f4x_iolib/stm32f4x_iolib_168MHz_8MHz.a(stm32f4xx_gpio.o)
 .debug_loc     0x00006cac      0x80f /project/stm32fx_iolib/stm32f4x_iolib/stm32f4x_iolib_168MHz_8MHz.a(stm32f4xx_i2c.o)
 .debug_loc     0x000074bb       0x4f /project/stm32fx_iolib/stm32f4x_iolib/stm32f4x_iolib_168MHz_8MHz.a(stm32f4xx_iwdg.o)
 .debug_loc     0x0000750a      0xe2c /project/stm32fx_iolib/stm32f4x_iolib/stm32f4x_iolib_168MHz_8MHz.a(stm32f4xx_rcc.o)
 .debug_loc     0x00008336     0x1c7f /project/stm32fx_iolib/stm32f4x_iolib/stm32f4x_iolib_168MHz_8MHz.a(stm32f4xx_tim.o)
 .debug_loc     0x00009fb5      0x905 /project/stm32fx_iolib/stm32f4x_iolib/stm32f4x_iolib_168MHz_8MHz.a(stm32f4xx_usart.o)
 .debug_loc     0x0000a8ba      0x874 /project/stm32fx_iolib/stm32f4x_iolib/stm32f4x_iolib_168MHz_8MHz.a(stm32f4xx_fsmc.o)

.debug_macinfo
 *(.debug_macinfo)

.debug_weaknames
 *(.debug_weaknames)

.debug_funcnames
 *(.debug_funcnames)

.debug_typenames
 *(.debug_typenames)

.debug_varnames
 *(.debug_varnames)

.debug_pubtypes
 *(.debug_pubtypes)

.debug_ranges   0x00000000     0x1200
 *(.debug_ranges)
 .debug_ranges  0x00000000       0x88 FLASH_RUN/main.o
 .debug_ranges  0x00000088      0x118 FLASH_RUN/serial.o
 .debug_ranges  0x000001a0       0x60 FLASH_RUN/i2c_app.o
 .debug_ranges  0x00000200       0x48 FLASH_RUN/key.o
 .debug_ranges  0x00000248      0x178 FLASH_RUN/lcd.o
 .debug_ranges  0x000003c0      0x200 FLASH_RUN/print.o
 .debug_ranges  0x000005c0       0x10 FLASH_RUN/random_disp.o
 .debug_ranges  0x000005d0       0x30 FLASH_RUN/ir_remocon.o
 .debug_ranges  0x00000600       0x90 FLASH_RUN/adc.o
 .debug_ranges  0x00000690       0x18 FLASH_RUN/dac1.o
 .debug_ranges  0x000006a8       0x20 /project/stm32fx_iolib/stm32f4x_iolib/stm32f4x_iolib_168MHz_8MHz.a(startup_stm32f4xx.o)
 .debug_ranges  0x000006c8       0x18 /project/stm32fx_iolib/stm32f4x_iolib/stm32f4x_iolib_168MHz_8MHz.a(system_stm32f4xx.o)
 .debug_ranges  0x000006e0       0x30 /project/stm32fx_iolib/stm32f4x_iolib/stm32f4x_iolib_168MHz_8MHz.a(misc.o)
 .debug_ranges  0x00000710      0x138 /project/stm32fx_iolib/stm32f4x_iolib/stm32f4x_iolib_168MHz_8MHz.a(stm32f4xx_adc.o)
 .debug_ranges  0x00000848       0x80 /project/stm32fx_iolib/stm32f4x_iolib/stm32f4x_iolib_168MHz_8MHz.a(stm32f4xx_dac.o)
 .debug_ranges  0x000008c8      0x130 /project/stm32fx_iolib/stm32f4x_iolib/stm32f4x_iolib_168MHz_8MHz.a(stm32f4xx_flash.o)
 .debug_ranges  0x000009f8       0x80 /project/stm32fx_iolib/stm32f4x_iolib/stm32f4x_iolib_168MHz_8MHz.a(stm32f4xx_gpio.o)
 .debug_ranges  0x00000a78      0x110 /project/stm32fx_iolib/stm32f4x_iolib/stm32f4x_iolib_168MHz_8MHz.a(stm32f4xx_i2c.o)
 .debug_ranges  0x00000b88       0x38 /project/stm32fx_iolib/stm32f4x_iolib/stm32f4x_iolib_168MHz_8MHz.a(stm32f4xx_iwdg.o)
 .debug_ranges  0x00000bc0      0x1d0 /project/stm32fx_iolib/stm32f4x_iolib/stm32f4x_iolib_168MHz_8MHz.a(stm32f4xx_rcc.o)
 .debug_ranges  0x00000d90      0x2e0 /project/stm32fx_iolib/stm32f4x_iolib/stm32f4x_iolib_168MHz_8MHz.a(stm32f4xx_tim.o)
 .debug_ranges  0x00001070       0xf0 /project/stm32fx_iolib/stm32f4x_iolib/stm32f4x_iolib_168MHz_8MHz.a(stm32f4xx_usart.o)
 .debug_ranges  0x00001160       0xa0 /project/stm32fx_iolib/stm32f4x_iolib/stm32f4x_iolib_168MHz_8MHz.a(stm32f4xx_fsmc.o)

.ARM.attributes
                0x00000000       0x32
 *(.ARM.attributes)
 .ARM.attributes
                0x00000000       0x34 FLASH_RUN/main.o
 .ARM.attributes
                0x00000034       0x34 FLASH_RUN/serial.o
 .ARM.attributes
                0x00000068       0x34 FLASH_RUN/i2c_app.o
 .ARM.attributes
                0x0000009c       0x34 FLASH_RUN/key.o
 .ARM.attributes
                0x000000d0       0x34 FLASH_RUN/lcd.o
 .ARM.attributes
                0x00000104       0x34 FLASH_RUN/print.o
 .ARM.attributes
                0x00000138       0x34 FLASH_RUN/random_disp.o
 .ARM.attributes
                0x0000016c       0x34 FLASH_RUN/box3.o
 .ARM.attributes
                0x000001a0       0x34 FLASH_RUN/touch_panel.o
 .ARM.attributes
                0x000001d4       0x34 FLASH_RUN/touch_pad.o
 .ARM.attributes
                0x00000208       0x34 FLASH_RUN/ir_remocon.o
 .ARM.attributes
                0x0000023c       0x34 FLASH_RUN/adc.o
 .ARM.attributes
                0x00000270       0x34 FLASH_RUN/dac1.o
 .ARM.attributes
                0x000002a4       0x34 /project/stm32fx_iolib/stm32f4x_iolib/stm32f4x_iolib_168MHz_8MHz.a(startup_stm32f4xx.o)
 .ARM.attributes
                0x000002d8       0x34 /project/stm32fx_iolib/stm32f4x_iolib/stm32f4x_iolib_168MHz_8MHz.a(system_stm32f4xx.o)
 .ARM.attributes
                0x0000030c       0x34 /project/stm32fx_iolib/stm32f4x_iolib/stm32f4x_iolib_168MHz_8MHz.a(misc.o)
 .ARM.attributes
                0x00000340       0x34 /project/stm32fx_iolib/stm32f4x_iolib/stm32f4x_iolib_168MHz_8MHz.a(stm32f4xx_adc.o)
 .ARM.attributes
                0x00000374       0x34 /project/stm32fx_iolib/stm32f4x_iolib/stm32f4x_iolib_168MHz_8MHz.a(stm32f4xx_dac.o)
 .ARM.attributes
                0x000003a8       0x34 /project/stm32fx_iolib/stm32f4x_iolib/stm32f4x_iolib_168MHz_8MHz.a(stm32f4xx_flash.o)
 .ARM.attributes
                0x000003dc       0x34 /project/stm32fx_iolib/stm32f4x_iolib/stm32f4x_iolib_168MHz_8MHz.a(stm32f4xx_gpio.o)
 .ARM.attributes
                0x00000410       0x34 /project/stm32fx_iolib/stm32f4x_iolib/stm32f4x_iolib_168MHz_8MHz.a(stm32f4xx_i2c.o)
 .ARM.attributes
                0x00000444       0x34 /project/stm32fx_iolib/stm32f4x_iolib/stm32f4x_iolib_168MHz_8MHz.a(stm32f4xx_iwdg.o)
 .ARM.attributes
                0x00000478       0x34 /project/stm32fx_iolib/stm32f4x_iolib/stm32f4x_iolib_168MHz_8MHz.a(stm32f4xx_rcc.o)
 .ARM.attributes
                0x000004ac       0x34 /project/stm32fx_iolib/stm32f4x_iolib/stm32f4x_iolib_168MHz_8MHz.a(stm32f4xx_tim.o)
 .ARM.attributes
                0x000004e0       0x34 /project/stm32fx_iolib/stm32f4x_iolib/stm32f4x_iolib_168MHz_8MHz.a(stm32f4xx_usart.o)
 .ARM.attributes
                0x00000514       0x34 /project/stm32fx_iolib/stm32f4x_iolib/stm32f4x_iolib_168MHz_8MHz.a(stm32f4xx_fsmc.o)
 .ARM.attributes
                0x00000548       0x34 C:/Program Files (x86)/Arm GNU Toolchain arm-none-eabi/13.3 rel1/bin/../lib/gcc/arm-none-eabi/13.3.1/thumb/v7e-m+fp/hard\libc.a(libc_a-rand.o)
 .ARM.attributes
                0x0000057c       0x34 C:/Program Files (x86)/Arm GNU Toolchain arm-none-eabi/13.3 rel1/bin/../lib/gcc/arm-none-eabi/13.3.1/thumb/v7e-m+fp/hard\libc.a(libc_a-memset.o)
 .ARM.attributes
                0x000005b0       0x34 C:/Program Files (x86)/Arm GNU Toolchain arm-none-eabi/13.3 rel1/bin/../lib/gcc/arm-none-eabi/13.3.1/thumb/v7e-m+fp/hard\libc.a(libc_a-strncmp.o)
 .ARM.attributes
                0x000005e4       0x34 C:/Program Files (x86)/Arm GNU Toolchain arm-none-eabi/13.3 rel1/bin/../lib/gcc/arm-none-eabi/13.3.1/thumb/v7e-m+fp/hard\libc.a(libc_a-impure.o)
 .ARM.attributes
                0x00000618       0x20 C:/Program Files (x86)/Arm GNU Toolchain arm-none-eabi/13.3 rel1/bin/../lib/gcc/arm-none-eabi/13.3.1/thumb/v7e-m+fp/hard\libc.a(libc_a-strcmp.o)
 .ARM.attributes
                0x00000638       0x34 C:/Program Files (x86)/Arm GNU Toolchain arm-none-eabi/13.3 rel1/bin/../lib/gcc/arm-none-eabi/13.3.1/thumb/v7e-m+fp/hard\libc.a(libc_a-strcpy.o)
 .ARM.attributes
                0x0000066c       0x20 C:/Program Files (x86)/Arm GNU Toolchain arm-none-eabi/13.3 rel1/bin/../lib/gcc/arm-none-eabi/13.3.1/thumb/v7e-m+fp/hard\libc.a(libc_a-memcpy.o)
 .ARM.attributes
                0x0000068c       0x1c C:/Program Files (x86)/Arm GNU Toolchain arm-none-eabi/13.3 rel1/bin/../lib/gcc/arm-none-eabi/13.3.1/thumb/v7e-m+fp/hard\libc.a(libc_a-strlen.o)
 .ARM.attributes
                0x000006a8       0x34 C:/Program Files (x86)/Arm GNU Toolchain arm-none-eabi/13.3 rel1/bin/../lib/gcc/arm-none-eabi/13.3.1/thumb/v7e-m+fp/hard\libc.a(libc_a-findfp.o)
 .ARM.attributes
                0x000006dc       0x34 C:/Program Files (x86)/Arm GNU Toolchain arm-none-eabi/13.3 rel1/bin/../lib/gcc/arm-none-eabi/13.3.1/thumb/v7e-m+fp/hard\libc.a(libc_a-fwalk.o)
 .ARM.attributes
                0x00000710       0x34 C:/Program Files (x86)/Arm GNU Toolchain arm-none-eabi/13.3 rel1/bin/../lib/gcc/arm-none-eabi/13.3.1/thumb/v7e-m+fp/hard\libc.a(libc_a-stdio.o)
 .ARM.attributes
                0x00000744       0x34 C:/Program Files (x86)/Arm GNU Toolchain arm-none-eabi/13.3 rel1/bin/../lib/gcc/arm-none-eabi/13.3.1/thumb/v7e-m+fp/hard\libc.a(libc_a-closer.o)
 .ARM.attributes
                0x00000778       0x34 C:/Program Files (x86)/Arm GNU Toolchain arm-none-eabi/13.3 rel1/bin/../lib/gcc/arm-none-eabi/13.3.1/thumb/v7e-m+fp/hard\libc.a(libc_a-lseekr.o)
 .ARM.attributes
                0x000007ac       0x34 C:/Program Files (x86)/Arm GNU Toolchain arm-none-eabi/13.3 rel1/bin/../lib/gcc/arm-none-eabi/13.3.1/thumb/v7e-m+fp/hard\libc.a(libc_a-readr.o)
 .ARM.attributes
                0x000007e0       0x34 C:/Program Files (x86)/Arm GNU Toolchain arm-none-eabi/13.3 rel1/bin/../lib/gcc/arm-none-eabi/13.3.1/thumb/v7e-m+fp/hard\libc.a(libc_a-writer.o)
 .ARM.attributes
                0x00000814       0x34 C:/Program Files (x86)/Arm GNU Toolchain arm-none-eabi/13.3 rel1/bin/../lib/gcc/arm-none-eabi/13.3.1/thumb/v7e-m+fp/hard\libc.a(libc_a-lock.o)
 .ARM.attributes
                0x00000848       0x34 C:/Program Files (x86)/Arm GNU Toolchain arm-none-eabi/13.3 rel1/bin/../lib/gcc/arm-none-eabi/13.3.1/thumb/v7e-m+fp/hard\libc.a(libc_a-mallocr.o)
 .ARM.attributes
                0x0000087c       0x34 C:/Program Files (x86)/Arm GNU Toolchain arm-none-eabi/13.3 rel1/bin/../lib/gcc/arm-none-eabi/13.3.1/thumb/v7e-m+fp/hard\libc.a(libc_a-mlock.o)
 .ARM.attributes
                0x000008b0       0x34 C:/Program Files (x86)/Arm GNU Toolchain arm-none-eabi/13.3 rel1/bin/../lib/gcc/arm-none-eabi/13.3.1/thumb/v7e-m+fp/hard\libc.a(libc_a-fclose.o)
 .ARM.attributes
                0x000008e4       0x34 C:/Program Files (x86)/Arm GNU Toolchain arm-none-eabi/13.3 rel1/bin/../lib/gcc/arm-none-eabi/13.3.1/thumb/v7e-m+fp/hard\libc.a(libc_a-fflush.o)
 .ARM.attributes
                0x00000918       0x34 C:/Program Files (x86)/Arm GNU Toolchain arm-none-eabi/13.3 rel1/bin/../lib/gcc/arm-none-eabi/13.3.1/thumb/v7e-m+fp/hard\libc.a(libc_a-sbrkr.o)
 .ARM.attributes
                0x0000094c       0x34 C:/Program Files (x86)/Arm GNU Toolchain arm-none-eabi/13.3 rel1/bin/../lib/gcc/arm-none-eabi/13.3.1/thumb/v7e-m+fp/hard\libc.a(libc_a-sysconf.o)
 .ARM.attributes
                0x00000980       0x34 C:/Program Files (x86)/Arm GNU Toolchain arm-none-eabi/13.3 rel1/bin/../lib/gcc/arm-none-eabi/13.3.1/thumb/v7e-m+fp/hard\libc.a(libc_a-freer.o)
 .ARM.attributes